Component: ARM Compiler 5.06 update 1 (build 61) Tool: armlink [4d35a8]

==============================================================================

Section Cross References

    main.o(i._Z12Power_Strokeidc) refers to miat_insectrobot.o(i._ZN11InsectRobot9Set_servoEidcc) for InsectRobot::Set_servo(int, double, char, char)
    main.o(i._Z12Power_Strokeidc) refers to main.o(.bss) for .bss
    main.o(i._Z18Return_Stroke_downic) refers to miat_insectrobot.o(i._ZN11InsectRobot9Set_servoEidcc) for InsectRobot::Set_servo(int, double, char, char)
    main.o(i._Z18Return_Stroke_downic) refers to main.o(.bss) for .bss
    main.o(i._Z19Return_Stroke_raiseidc) refers to miat_insectrobot.o(i._ZN11InsectRobot9Set_servoEidcc) for InsectRobot::Set_servo(int, double, char, char)
    main.o(i._Z19Return_Stroke_raiseidc) refers to main.o(.bss) for .bss
    main.o(i._Z5standv) refers to miat_insectrobot.o(i._ZN11InsectRobot9Set_servoEidcc) for InsectRobot::Set_servo(int, double, char, char)
    main.o(i._Z5standv) refers to mbed_wait_api_no_rtos.o(i.wait) for wait
    main.o(i._Z5standv) refers to main.o(.bss) for .bss
    main.o(i._Z6f_wavev) refers to main.o(i._Z18Return_Stroke_downic) for Return_Stroke_down(int, char)
    main.o(i._Z6f_wavev) refers to mbed_wait_api_no_rtos.o(i.wait) for wait
    main.o(i._Z6f_wavev) refers to main.o(i._Z19Return_Stroke_raiseidc) for Return_Stroke_raise(int, double, char)
    main.o(i._Z6f_wavev) refers to main.o(i._Z12Power_Strokeidc) for Power_Stroke(int, double, char)
    main.o(i._Z8rotate_Li) refers to main.o(i._Z18Return_Stroke_downic) for Return_Stroke_down(int, char)
    main.o(i._Z8rotate_Li) refers to mbed_wait_api_no_rtos.o(i.wait) for wait
    main.o(i._Z8rotate_Li) refers to main.o(i._Z19Return_Stroke_raiseidc) for Return_Stroke_raise(int, double, char)
    main.o(i._Z8rotate_Li) refers to main.o(i._Z12Power_Strokeidc) for Power_Stroke(int, double, char)
    main.o(i._Z8rotate_Ri) refers to main.o(i._Z18Return_Stroke_downic) for Return_Stroke_down(int, char)
    main.o(i._Z8rotate_Ri) refers to mbed_wait_api_no_rtos.o(i.wait) for wait
    main.o(i._Z8rotate_Ri) refers to main.o(i._Z19Return_Stroke_raiseidc) for Return_Stroke_raise(int, double, char)
    main.o(i._Z8rotate_Ri) refers to main.o(i._Z12Power_Strokeidc) for Power_Stroke(int, double, char)
    main.o(i._ZN4Ping4SendEv) refers to mbed_critical.o(i.core_util_critical_section_enter) for core_util_critical_section_enter
    main.o(i._ZN4Ping4SendEv) refers to gpio_api.o(i.gpio_dir) for gpio_dir
    main.o(i._ZN4Ping4SendEv) refers to mbed_critical.o(i.core_util_critical_section_exit) for core_util_critical_section_exit
    main.o(i._ZN4Ping4SendEv) refers to mbed_assert.o(i.mbed_assert_internal) for mbed_assert_internal
    main.o(i._ZN4Ping4SendEv) refers to mbed_wait_api_no_rtos.o(i.wait_us) for wait_us
    main.o(i._ZN4Ping6_StopsEv) refers to Timer.o(i._ZN4mbed5Timer7read_usEv) for mbed::Timer::read_us()
    main.o(i._ZN4Ping7_StartsEv) refers to Timer.o(i._ZN4mbed5Timer5startEv) for mbed::Timer::start()
    main.o(i._ZN4Ping7_StartsEv) refers to Timer.o(i._ZN4mbed5Timer7read_usEv) for mbed::Timer::read_us()
    main.o(i._ZN4PingC1E7PinName) refers to InterruptIn.o(i._ZN4mbed11InterruptInC1E7PinName) for mbed::InterruptIn::InterruptIn(PinName)
    main.o(i._ZN4PingC1E7PinName) refers to mbed_gpio.o(i.gpio_init_in) for gpio_init_in
    main.o(i._ZN4PingC1E7PinName) refers to Timer.o(i._ZN4mbed5TimerC1Ev) for mbed::Timer::Timer()
    main.o(i._ZN4PingC1E7PinName) refers to mbed_critical.o(i.core_util_critical_section_enter) for core_util_critical_section_enter
    main.o(i._ZN4PingC1E7PinName) refers to InterruptIn.o(i._ZN4mbed11InterruptIn4riseENS_8CallbackIFvvEEE) for mbed::InterruptIn::rise(mbed::Callback<void()>)
    main.o(i._ZN4PingC1E7PinName) refers to mbed_critical.o(i.core_util_critical_section_exit) for core_util_critical_section_exit
    main.o(i._ZN4PingC1E7PinName) refers to InterruptIn.o(i._ZN4mbed11InterruptIn4fallENS_8CallbackIFvvEEE) for mbed::InterruptIn::fall(mbed::Callback<void()>)
    main.o(i._ZN4PingC1E7PinName) refers to main.o(.constdata) for .constdata
    main.o(i._ZN4PingC1E7PinName) refers to main.o(.constdata__ZZN4mbed8CallbackIFvvEE8generateINS2_14method_contextI4PingMS5_FvvEEEEEvRKT_E3ops) for void mbed::Callback<void()>::generate<mbed::Callback<void()>::method_context<Ping, void(Ping::*)()>>(const T1&)::ops
    main.o(i.__sti___8_main_cpp_5a1fc8a9) refers to miat_insectrobot.o(i._ZN11InsectRobotC1E7PinNameS0_S0_S0_S0_S0_S0_S0_S0_S0_S0_S0_S0_S0_S0_S0_S0_S0_) for InsectRobot::InsectRobot(PinName, PinName, PinName, PinName, PinName, PinName, PinName, PinName, PinName, PinName, PinName, PinName, PinName, PinName, PinName, PinName, PinName, PinName)
    main.o(i.__sti___8_main_cpp_5a1fc8a9) refers to main.o(i._ZN4PingC1E7PinName) for Ping::Ping(PinName)
[...]
    CAN2_RX0_IRQHandler                      0x08003031   Thumb Code     8  can_api.o(i.CAN2_RX0_IRQHandler)
    CAN2_SCE_IRQHandler                      0x0800303d   Thumb Code     8  can_api.o(i.CAN2_SCE_IRQHandler)
    CAN2_TX_IRQHandler                       0x08003049   Thumb Code     8  can_api.o(i.CAN2_TX_IRQHandler)
    HAL_DMA_Abort_IT                         0x08003055   Thumb Code    36  stm32f7xx_hal_dma.o(i.HAL_DMA_Abort_IT)
    HAL_GPIO_DeInit                          0x08003079   Thumb Code   362  stm32f7xx_hal_gpio.o(i.HAL_GPIO_DeInit)
    HAL_GPIO_Init                            0x080031ed   Thumb Code   572  stm32f7xx_hal_gpio.o(i.HAL_GPIO_Init)
    HAL_GetTick                              0x0800343d   Thumb Code     6  stm32f7xx_hal.o(i.HAL_GetTick)
    HAL_IncTick                              0x08003449   Thumb Code    10  stm32f7xx_hal.o(i.HAL_IncTick)
    HAL_Init                                 0x08003459   Thumb Code    32  stm32f7xx_hal.o(i.HAL_Init)
    HAL_InitTick                             0x0800347d   Thumb Code   170  hal_tick_32b.o(i.HAL_InitTick)
    HAL_MspInit                              0x08003549   Thumb Code     2  stm32f7xx_hal.o(i.HAL_MspInit)
    HAL_NVIC_SetPriorityGrouping             0x0800354d   Thumb Code    30  stm32f7xx_hal_cortex.o(i.HAL_NVIC_SetPriorityGrouping)
    HAL_PWREx_EnableOverDrive                0x08003571   Thumb Code   116  stm32f7xx_hal_pwr_ex.o(i.HAL_PWREx_EnableOverDrive)
    HAL_PWR_EnableBkUpAccess                 0x080035ed   Thumb Code    12  stm32f7xx_hal_pwr.o(i.HAL_PWR_EnableBkUpAccess)
    HAL_RCCEx_PeriphCLKConfig                0x080035fd   Thumb Code  1928  stm32f7xx_hal_rcc_ex.o(i.HAL_RCCEx_PeriphCLKConfig)
    HAL_RCC_ClockConfig                      0x08003d91   Thumb Code   492  stm32f7xx_hal_rcc.o(i.HAL_RCC_ClockConfig)
    HAL_RCC_GetClockConfig                   0x08003f99   Thumb Code    62  stm32f7xx_hal_rcc.o(i.HAL_RCC_GetClockConfig)
    HAL_RCC_GetPCLK1Freq                     0x08003fe1   Thumb Code    34  stm32f7xx_hal_rcc.o(i.HAL_RCC_GetPCLK1Freq)
    HAL_RCC_GetPCLK2Freq                     0x08004011   Thumb Code    34  stm32f7xx_hal_rcc.o(i.HAL_RCC_GetPCLK2Freq)
    HAL_RCC_GetSysClockFreq                  0x08004041   Thumb Code   136  stm32f7xx_hal_rcc.o(i.HAL_RCC_GetSysClockFreq)
    HAL_RCC_OscConfig                        0x080040d9   Thumb Code   990  stm32f7xx_hal_rcc.o(i.HAL_RCC_OscConfig)
    HAL_RTCEx_WakeUpTimerEventCallback       0x080044cd   Thumb Code    12  rtc_api.o(i.HAL_RTCEx_WakeUpTimerEventCallback)
    HAL_RTCEx_WakeUpTimerIRQHandler          0x080044dd   Thumb Code    56  stm32f7xx_hal_rtc_ex.o(i.HAL_RTCEx_WakeUpTimerIRQHandler)
    HAL_RTC_GetDate                          0x08004519   Thumb Code   104  stm32f7xx_hal_rtc.o(i.HAL_RTC_GetDate)
    HAL_RTC_GetTime                          0x08004581   Thumb Code   122  stm32f7xx_hal_rtc.o(i.HAL_RTC_GetTime)
    HAL_RTC_Init                             0x08004601   Thumb Code   202  stm32f7xx_hal_rtc.o(i.HAL_RTC_Init)
    HAL_RTC_MspInit                          0x080046cb   Thumb Code     2  stm32f7xx_hal_rtc.o(i.HAL_RTC_MspInit)
    HAL_RTC_SetDate                          0x080046cd   Thumb Code   294  stm32f7xx_hal_rtc.o(i.HAL_RTC_SetDate)
    HAL_RTC_SetTime                          0x080047f5   Thumb Code   326  stm32f7xx_hal_rtc.o(i.HAL_RTC_SetTime)
    HAL_TIMEx_PWMN_Start                     0x08004941   Thumb Code    48  stm32f7xx_hal_tim_ex.o(i.HAL_TIMEx_PWMN_Start)
    HAL_TIM_OC_Init                          0x08004971   Thumb Code    54  stm32f7xx_hal_tim.o(i.HAL_TIM_OC_Init)
    HAL_TIM_OC_MspInit                       0x080049a7   Thumb Code     2  stm32f7xx_hal_tim.o(i.HAL_TIM_OC_MspInit)
    HAL_TIM_OC_Start                         0x080049a9   Thumb Code    64  stm32f7xx_hal_tim.o(i.HAL_TIM_OC_Start)
    HAL_TIM_PWM_ConfigChannel                0x080049e9   Thumb Code   450  stm32f7xx_hal_tim_ex.o(i.HAL_TIM_PWM_ConfigChannel)
    HAL_TIM_PWM_Init                         0x08004bb5   Thumb Code    54  stm32f7xx_hal_tim.o(i.HAL_TIM_PWM_Init)
    HAL_TIM_PWM_MspInit                      0x08004beb   Thumb Code     2  stm32f7xx_hal_tim.o(i.HAL_TIM_PWM_MspInit)
    HAL_TIM_PWM_Start                        0x08004bed   Thumb Code    64  stm32f7xx_hal_tim.o(i.HAL_TIM_PWM_Start)
    HAL_UART_ErrorCallback                   0x08004c2d   Thumb Code    58  serial_api.o(i.HAL_UART_ErrorCallback)
    HAL_UART_IRQHandler                      0x08004c69   Thumb Code   652  stm32f7xx_hal_uart.o(i.HAL_UART_IRQHandler)
    HAL_UART_Init                            0x08004ef9   Thumb Code   110  stm32f7xx_hal_uart.o(i.HAL_UART_Init)
    HAL_UART_MspInit                         0x08004f67   Thumb Code     2  stm32f7xx_hal_uart.o(i.HAL_UART_MspInit)
    HAL_UART_RxCpltCallback                  0x08004f69   Thumb Code     2  stm32f7xx_hal_uart.o(i.HAL_UART_RxCpltCallback)
    HAL_UART_TxCpltCallback                  0x08004f6b   Thumb Code    16  serial_api.o(i.HAL_UART_TxCpltCallback)
    NVIC_SetVector                           0x08004f7d   Thumb Code    48  cmsis_nvic.o(i.NVIC_SetVector)
    RTC_ByteToBcd2                           0x08004fb1   Thumb Code    50  stm32f7xx_hal_rtc.o(i.RTC_ByteToBcd2)
    SetSysClock_PLL_HSE                      0x08004ff1   Thumb Code   124  system_stm32f7xx.o(i.SetSysClock_PLL_HSE)
    SetSysClock_PLL_HSI                      0x08005071   Thumb Code   260  system_stm32f7xx.o(i.SetSysClock_PLL_HSI)
    Set_GPIO_Clock                           0x08005189   Thumb Code   260  pinmap.o(i.Set_GPIO_Clock)
    SystemCoreClockUpdate                    0x080052e1   Thumb Code   124  system_stm32f7xx.o(i.SystemCoreClockUpdate)
    SystemInit                               0x08005371   Thumb Code   264  system_stm32f7xx.o(i.SystemInit)
    TIM_Base_SetConfig                       0x080054ad   Thumb Code   172  stm32f7xx_hal_tim.o(i.TIM_Base_SetConfig)
    TIM_OC1_SetConfig                        0x0800556d   Thumb Code   102  stm32f7xx_hal_tim.o(i.TIM_OC1_SetConfig)
    TIM_OC2_SetConfig                        0x080055d3   Thumb Code   108  stm32f7xx_hal_tim.o(i.TIM_OC2_SetConfig)
    TIM_OC3_SetConfig                        0x0800563f   Thumb Code   108  stm32f7xx_hal_tim.o(i.TIM_OC3_SetConfig)
    TIM_OC4_SetConfig                        0x080056ab   Thumb Code    88  stm32f7xx_hal_tim.o(i.TIM_OC4_SetConfig)
    UART_AdvFeatureConfig                    0x08005703   Thumb Code   218  stm32f7xx_hal_uart.o(i.UART_AdvFeatureConfig)
    UART_CheckIdleState                      0x080057dd   Thumb Code    96  stm32f7xx_hal_uart.o(i.UART_CheckIdleState)
    UART_SetConfig                           0x08005851   Thumb Code   654  stm32f7xx_hal_uart.o(i.UART_SetConfig)
    UART_WaitOnFlagUntilTimeout              0x08005af1   Thumb Code   118  stm32f7xx_hal_uart.o(i.UART_WaitOnFlagUntilTimeout)
    Power_Stroke(int, double, char)          0x08005b69   Thumb Code   116  main.o(i._Z12Power_Strokeidc)
    Return_Stroke_down(int, char)            0x08005bf9   Thumb Code    88  main.o(i._Z18Return_Stroke_downic)
    Return_Stroke_raise(int, double, char)   0x08005c69   Thumb Code   124  main.o(i._Z19Return_Stroke_raiseidc)
    stand()                                  0x08005cf9   Thumb Code   366  main.o(i._Z5standv)
    rotate_L(int)                            0x08005e91   Thumb Code   322  main.o(i._Z8rotate_Li)
    rotate_R(int)                            0x08005fe9   Thumb Code   322  main.o(i._Z8rotate_Ri)
    InsectRobot::Set_servo(int, double, char, char) 0x08006141   Thumb Code   866  miat_insectrobot.o(i._ZN11InsectRobot9Set_servoEidcc)
    InsectRobot::InsectRobot(PinName, PinName, PinName, PinName, PinName, PinName, PinName, PinName, PinName, PinName, PinName, PinName, PinName, PinName, PinName, PinName, PinName, PinName) 0x080064d1   Thumb Code   536  miat_insectrobot.o(i._ZN11InsectRobotC1E7PinNameS0_S0_S0_S0_S0_S0_S0_S0_S0_S0_S0_S0_S0_S0_S0_S0_S0_)
    InsectRobot::InsectRobot__sub_object(PinName, PinName, PinName, PinName, PinName, PinName, PinName, PinName, PinName, PinName, PinName, PinName, PinName, PinName, PinName, PinName, PinName, PinName) 0x080064d1   Thumb Code     0  miat_insectrobot.o(i._ZN11InsectRobotC1E7PinNameS0_S0_S0_S0_S0_S0_S0_S0_S0_S0_S0_S0_S0_S0_S0_S0_S0_)
    Ping::Send()                             0x080066f9   Thumb Code   144  main.o(i._ZN4Ping4SendEv)
    Ping::_Stops()                           0x080067d5   Thumb Code    32  main.o(i._ZN4Ping6_StopsEv)
    Ping::_Starts()                          0x080067f5   Thumb Code    36  main.o(i._ZN4Ping7_StartsEv)
    Ping::Ping(PinName)                      0x08006819   Thumb Code   142  main.o(i._ZN4PingC1E7PinName)
    Ping::Ping__sub_object(PinName)          0x08006819   Thumb Code     0  main.o(i._ZN4PingC1E7PinName)
    Ping::~Ping()                            0x080068b1   Thumb Code     4  main.o(i._ZN4PingD1Ev)
    Ping::~Ping__sub_object()                0x080068b1   Thumb Code     0  main.o(i._ZN4PingD1Ev)
    mbed::FileHandle::flen()                 0x080068b5   Thumb Code    82  retarget.o(i._ZN4mbed10FileHandle4flenEv)
    mbed::FileHandle::lock()                 0x08006907   Thumb Code     2  retarget.o(i._ZN4mbed10FileHandle4lockEv)
    mbed::FileHandle::unlock()               0x08006909   Thumb Code     2  retarget.o(i._ZN4mbed10FileHandle6unlockEv)
    mbed::FileHandle::~FileHandle()          0x0800690d   Thumb Code     0  retarget.o(i._ZN4mbed10FileHandleD2Ev)
    mbed::FileHandle::~FileHandle__sub_object() 0x0800690d   Thumb Code    96  retarget.o(i._ZN4mbed10FileHandleD2Ev)
    mbed::SerialBase::_base_putc(int)        0x08006981   Thumb Code    14  SerialBase.o(i._ZN4mbed10SerialBase10_base_putcEi)
    mbed::SerialBase::_irq_handler(unsigned, SerialIrq) 0x08006991   Thumb Code    40  SerialBase.o(i._ZN4mbed10SerialBase12_irq_handlerEj9SerialIrq)
    mbed::SerialBase::interrupt_handler_asynch() 0x080069c1   Thumb Code    62  SerialBase.o(i._ZN4mbed10SerialBase24interrupt_handler_asynchEv)
    mbed::SerialBase::SerialBase(PinName, PinName, int) 0x08006a01   Thumb Code   310  SerialBase.o(i._ZN4mbed10SerialBaseC1E7PinNameS1_i)
    mbed::SerialBase::SerialBase__sub_object(PinName, PinName, int) 0x08006a01   Thumb Code     0  SerialBase.o(i._ZN4mbed10SerialBaseC1E7PinNameS1_i)
    mbed::InterruptIn::_irq_handler(unsigned, gpio_irq_event) 0x08006b65   Thumb Code    62  InterruptIn.o(i._ZN4mbed11InterruptIn12_irq_handlerEj14gpio_irq_event)
    mbed::InterruptIn::fall(mbed::Callback<void()>) 0x08006bad   Thumb Code   108  InterruptIn.o(i._ZN4mbed11InterruptIn4fallENS_8CallbackIFvvEEE)
    mbed::InterruptIn::rise(mbed::Callback<void()>) 0x08006c21   Thumb Code   108  InterruptIn.o(i._ZN4mbed11InterruptIn4riseENS_8CallbackIFvvEEE)
    mbed::InterruptIn::InterruptIn(PinName)  0x08006c95   Thumb Code    86  InterruptIn.o(i._ZN4mbed11InterruptInC1E7PinName)
    mbed::InterruptIn::InterruptIn__sub_object(PinName) 0x08006c95   Thumb Code     0  InterruptIn.o(i._ZN4mbed11InterruptInC1E7PinName)
    mbed::InterruptIn::~InterruptIn()        0x08006cfd   Thumb Code    48  InterruptIn.o(i._ZN4mbed11InterruptInD1Ev)
    mbed::InterruptIn::~InterruptIn__sub_object() 0x08006cfd   Thumb Code     0  InterruptIn.o(i._ZN4mbed11InterruptInD1Ev)
    mbed::mbed_set_unbuffered_stream(std::__FILE*) 0x08006d31   Thumb Code     6  retarget.o(i._ZN4mbed26mbed_set_unbuffered_streamEPSt6__FILE)
    mbed::Timer::start()                     0x08006d37   Thumb Code    32  Timer.o(i._ZN4mbed5Timer5startEv)
    mbed::Timer::read_us()                   0x08006d57   Thumb Code    44  Timer.o(i._ZN4mbed5Timer7read_usEv)
    mbed::Timer::Timer()                     0x08006d83   Thumb Code    40  Timer.o(i._ZN4mbed5TimerC1Ev)
    mbed::Timer::Timer__sub_object()         0x08006d83   Thumb Code     0  Timer.o(i._ZN4mbed5TimerC1Ev)
    mbed::Serial::Serial(PinName, PinName, const char*, int) 0x08006dad   Thumb Code    38  Serial.o(i._ZN4mbed6SerialC1E7PinNameS1_PKci)
    mbed::Serial::Serial__sub_object(PinName, PinName, const char*, int) 0x08006dad   Thumb Code     0  Serial.o(i._ZN4mbed6SerialC1E7PinNameS1_PKci)
    mbed::Serial::~Serial()                  0x08006dd9   Thumb Code    76  main.o(i._ZN4mbed6SerialD1Ev)
    mbed::Serial::~Serial__sub_object()      0x08006dd9   Thumb Code     0  main.o(i._ZN4mbed6SerialD1Ev)
    mbed::Stream::flen()                     0x08006e31   Thumb Code     4  Stream.o(i._ZN4mbed6Stream4flenEv)
    mbed::Stream::close()                    0x08006e35   Thumb Code     4  Stream.o(i._ZN4mbed6Stream5closeEv)
    mbed::Stream::lseek(long, int)           0x08006e39   Thumb Code     4  Stream.o(i._ZN4mbed6Stream5lseekEli)
    mbed::Stream::write(const void*, unsigned) 0x08006e3d   Thumb Code    60  Stream.o(i._ZN4mbed6Stream5writeEPKvj)
    mbed::Stream::isatty()                   0x08006e79   Thumb Code     4  Stream.o(i._ZN4mbed6Stream6isattyEv)
    mbed::Stream::printf(const char*, ...)   0x08006e7d   Thumb Code    50  Stream.o(i._ZN4mbed6Stream6printfEPKcz)
    mbed::Stream::Stream__sub_object(const char*) 0x08006eb1   Thumb Code    54  Stream.o(i._ZN4mbed6StreamC2EPKc)
    mbed::Stream::~Stream()                  0x08006ef5   Thumb Code     0  Stream.o(i._ZN4mbed6StreamD2Ev)
    mbed::Stream::~Stream__sub_object()      0x08006ef5   Thumb Code    30  Stream.o(i._ZN4mbed6StreamD2Ev)
    mbed::FileBase::getPathType()            0x08006f19   Thumb Code     4  FileBase.o(i._ZN4mbed8FileBase11getPathTypeEv)
    mbed::FileBase::lookup(const char*, unsigned) 0x08006f1d   Thumb Code    90  FileBase.o(i._ZN4mbed8FileBase6lookupEPKcj)
    mbed::FileBase::FileBase(const char*, mbed::PathType) 0x08006f89   Thumb Code    50  FileBase.o(i._ZN4mbed8FileBaseC1EPKcNS_8PathTypeE)
    mbed::FileBase::FileBase__sub_object(const char*, mbed::PathType) 0x08006f89   Thumb Code     0  FileBase.o(i._ZN4mbed8FileBaseC1EPKcNS_8PathTypeE)
    mbed::FileBase::~FileBase()              0x08006fc9   Thumb Code    60  FileBase.o(i._ZN4mbed8FileBaseD1Ev)
    mbed::FileBase::~FileBase__sub_object()  0x08006fc9   Thumb Code     0  FileBase.o(i._ZN4mbed8FileBaseD1Ev)
    mbed::FileLike::FileLike__sub_object(const char*) 0x08007011   Thumb Code    26  FileLike.o(i._ZN4mbed8FileLikeC2EPKc)
    mbed::FileLike::~FileLike()              0x08007035   Thumb Code     0  FileLike.o(i._ZN4mbed8FileLikeD2Ev)
    mbed::FileLike::~FileLike__sub_object()  0x08007035   Thumb Code    18  FileLike.o(i._ZN4mbed8FileLikeD2Ev)
    mbed::FilePath::fileSystem()             0x08007047   Thumb Code    24  FilePath.o(i._ZN4mbed8FilePath10fileSystemEv)
    mbed::FilePath::file()                   0x0800705f   Thumb Code    28  FilePath.o(i._ZN4mbed8FilePath4fileEv)
    mbed::FilePath::exists()                 0x0800707b   Thumb Code    10  FilePath.o(i._ZN4mbed8FilePath6existsEv)
    mbed::FilePath::isFile()                 0x08007085   Thumb Code    24  FilePath.o(i._ZN4mbed8FilePath6isFileEv)
    mbed::FilePath::fileName()               0x0800709d   Thumb Code     4  FilePath.o(i._ZN4mbed8FilePath8fileNameEv)
    mbed::FilePath::FilePath(const char*)    0x080070a1   Thumb Code    64  FilePath.o(i._ZN4mbed8FilePathC1EPKc)
    mbed::FilePath::FilePath__sub_object(const char*) 0x080070a1   Thumb Code     0  FilePath.o(i._ZN4mbed8FilePathC1EPKc)
    thunk{-180} to mbed::Serial::lock()      0x080070e5   Thumb Code     2  Serial.o(i._ZThn180_N4mbed6Serial4lockEv)
    thunk{-180} to mbed::Serial::_putc(int)  0x080070e7   Thumb Code     6  Serial.o(i._ZThn180_N4mbed6Serial5_putcEi)
    thunk{-180} to mbed::Serial::unlock()    0x080070ed   Thumb Code     2  Serial.o(i._ZThn180_N4mbed6Serial6unlockEv)
    __ARM_fpclassify                         0x080070ef   Thumb Code    48  fpclassify.o(i.__ARM_fpclassify)
    __aeabi_atexit                           0x0800711f   Thumb Code     4  retarget.o(i.__aeabi_atexit)
    __aeabi_vec_ctor_nocookie_nodtor         0x08007123   Thumb Code    36  aeabi_vec_ctor_nocookie_nodtor.o(i.__aeabi_vec_ctor_nocookie_nodtor)
    __cxa_pure_virtual                       0x08007147   Thumb Code     6  pure_virt.o(i.__cxa_pure_virtual)
    __user_setup_stackheap                   0x080071fd   Thumb Code    10  sys.o(i.__user_setup_stackheap)
    _is_digit                                0x0800720d   Thumb Code    14  __printf_wp.o(i._is_digit)
    _platform_post_stackheap_init            0x0800721b   Thumb Code     8  retarget.o(i._platform_post_stackheap_init)
    _sys_close                               0x08007225   Thumb Code    40  retarget.o(i._sys_close)
    _sys_flen                                0x08007251   Thumb Code    34  retarget.o(i._sys_flen)
    _sys_istty                               0x08007279   Thumb Code    34  retarget.o(i._sys_istty)
    _sys_open                                0x080072a1   Thumb Code   436  retarget.o(i._sys_open)
    _sys_seek                                0x0800747d   Thumb Code    36  retarget.o(i._sys_seek)
    _sys_write                               0x080074a5   Thumb Code    94  retarget.o(i._sys_write)
    core_util_critical_section_enter         0x0800760d   Thumb Code    70  mbed_critical.o(i.core_util_critical_section_enter)
    core_util_critical_section_exit          0x08007699   Thumb Code    60  mbed_critical.o(i.core_util_critical_section_exit)
    error                                    0x080076f1   Thumb Code    18  mbed_error.o(i.error)
    exit                                     0x08007705   Thumb Code    24  retarget.o(i.exit)
    fputc                                    0x08007725   Thumb Code    26  fputc.o(i.fputc)
    get_us_ticker_data                       0x08007741   Thumb Code     4  mbed_us_ticker_api.o(i.get_us_ticker_data)
    gpio_dir                                 0x08007749   Thumb Code    54  gpio_api.o(i.gpio_dir)
    gpio_init                                0x0800779d   Thumb Code    60  gpio_api.o(i.gpio_init)
    gpio_init_in                             0x080077d9   Thumb Code    40  mbed_gpio.o(i.gpio_init_in)
    gpio_irq_free                            0x08007839   Thumb Code    98  gpio_irq_api.o(i.gpio_irq_free)
    gpio_irq_init                            0x080078a9   Thumb Code   242  gpio_irq_api.o(i.gpio_irq_init)
    gpio_irq_set                             0x080079ed   Thumb Code   124  gpio_irq_api.o(i.gpio_irq_set)
    gpio_mode                                0x08007a69   Thumb Code     8  gpio_api.o(i.gpio_mode)
    $Super$$main                             0x08007b81   Thumb Code  1550  main.o(i.main)
    mbed_assert_internal                     0x080081d1   Thumb Code    32  mbed_assert.o(i.mbed_assert_internal)
    mbed_die                                 0x08008225   Thumb Code    18  mbed_board.o(i.mbed_die)
    mbed_error_printf                        0x08008239   Thumb Code    74  mbed_board.o(i.mbed_error_printf)
    mbed_error_vfprintf                      0x0800828d   Thumb Code    68  mbed_board.o(i.mbed_error_vfprintf)
    mbed_main                                0x080082d9   Thumb Code     2  retarget.o(i.mbed_main)
    mbed_sdk_init                            0x080082db   Thumb Code    14  mbed_overrides.o(i.mbed_sdk_init)
    pin_function                             0x080082e9   Thumb Code    80  pinmap.o(i.pin_function)
    pin_function_gpiomode                    0x08008355   Thumb Code   102  pinmap.o(i.pin_function_gpiomode)
    pin_mode                                 0x080083c9   Thumb Code    66  pinmap.o(i.pin_mode)
    pinmap_function                          0x08008425   Thumb Code    62  mbed_pinmap_common.o(i.pinmap_function)
    pinmap_merge                             0x08008485   Thumb Code    38  mbed_pinmap_common.o(i.pinmap_merge)
    pinmap_peripheral                        0x080084c1   Thumb Code    62  mbed_pinmap_common.o(i.pinmap_peripheral)
    pinmap_pinout                            0x08008521   Thumb Code    72  mbed_pinmap_common.o(i.pinmap_pinout)
    pwmout_init                              0x0800857d   Thumb Code   412  pwmout_api.o(i.pwmout_init)
    pwmout_period_us                         0x0800875d   Thumb Code   362  pwmout_api.o(i.pwmout_period_us)
    pwmout_pulsewidth                        0x0800892d   Thumb Code    32  pwmout_api.o(i.pwmout_pulsewidth)
    pwmout_write                             0x08008951   Thumb Code   172  pwmout_api.o(i.pwmout_write)
    rtc_init                                 0x08008a25   Thumb Code   272  rtc_api.o(i.rtc_init)
    rtc_isenabled                            0x08008bc1   Thumb Code    14  rtc_api.o(i.rtc_isenabled)
    rtc_read                                 0x08008bd5   Thumb Code    96  rtc_api.o(i.rtc_read)
    rtc_write                                0x08008c3d   Thumb Code    98  rtc_api.o(i.rtc_write)
    serial_baud                              0x08008ca9   Thumb Code     6  serial_api.o(i.serial_baud)
    serial_init                              0x08008cb1   Thumb Code   524  serial_api.o(i.serial_init)
    serial_irq_handler                       0x08008f01   Thumb Code    14  serial_api.o(i.serial_irq_handler)
    serial_irq_handler_asynch                0x08008f19   Thumb Code   372  serial_api.o(i.serial_irq_handler_asynch)
    serial_putc                              0x08009091   Thumb Code    32  serial_api.o(i.serial_putc)
    ticker_irq_handler                       0x080090b5   Thumb Code    80  mbed_ticker_api.o(i.ticker_irq_handler)
    ticker_read                              0x08009105   Thumb Code     6  mbed_ticker_api.o(i.ticker_read)
    time                                     0x0800910d   Thumb Code   170  mbed_rtc_time.o(i.time)
    timer_irq_handler                        0x080091c9   Thumb Code    90  hal_tick_32b.o(i.timer_irq_handler)
    us_ticker_clear_interrupt                0x0800922d   Thumb Code    14  us_ticker_32b.o(i.us_ticker_clear_interrupt)
    us_ticker_disable_interrupt              0x08009245   Thumb Code    16  us_ticker_32b.o(i.us_ticker_disable_interrupt)
    us_ticker_init                           0x0800925d   Thumb Code    26  us_ticker_32b.o(i.us_ticker_init)
    us_ticker_irq_handler                    0x08009285   Thumb Code     6  mbed_us_ticker_api.o(i.us_ticker_irq_handler)
    us_ticker_read                           0x08009291   Thumb Code    30  us_ticker_32b.o(i.us_ticker_read)
    us_ticker_set_interrupt                  0x080092c1   Thumb Code    18  us_ticker_32b.o(i.us_ticker_set_interrupt)
    wait                                     0x080092dd   Thumb Code    36  mbed_wait_api_no_rtos.o(i.wait)
    wait_ms                                  0x08009305   Thumb Code    28  mbed_wait_api_no_rtos.o(i.wait_ms)
    wait_us                                  0x08009321   Thumb Code    24  mbed_wait_api_no_rtos.o(i.wait_us)
    _get_lc_numeric                          0x08009339   Thumb Code    44  lc_numeric_c.o(locale$$code)
    _get_lc_ctype                            0x08009365   Thumb Code    44  lc_ctype_c.o(locale$$code)
    SingletonPtr<PlatformMutex>::operator ->() 0x08009391   Thumb Code    36  FileBase.o(t._ZN12SingletonPtrI13PlatformMutexEptEv)
    void mbed::Callback<void()>::function_call<mbed::Callback<void()>::method_context<Ping, void(Ping::*)()>>(const void*) 0x080093bd   Thumb Code    22  main.o(t._ZN4mbed8CallbackIFvvEE13function_callINS2_14method_contextI4PingMS5_FvvEEEEEvPKv)
    void mbed::Callback<void()>::function_call<void(*)()>(const void*) 0x080093d3   Thumb Code     4  InterruptIn.o(t._ZN4mbed8CallbackIFvvEE13function_callIPS1_EEvPKv)
    void mbed::Callback<void()>::function_dtor<mbed::Callback<void()>::method_context<Ping, void(Ping::*)()>>(void*) 0x080093d7   Thumb Code     2  main.o(t._ZN4mbed8CallbackIFvvEE13function_dtorINS2_14method_contextI4PingMS5_FvvEEEEEvPv)
    void mbed::Callback<void()>::function_dtor<void(*)()>(void*) 0x080093d9   Thumb Code     2  InterruptIn.o(t._ZN4mbed8CallbackIFvvEE13function_dtorIPS1_EEvPv)
    void mbed::Callback<void()>::function_move<mbed::Callback<void()>::method_context<Ping, void(Ping::*)()>>(void*, const void*) 0x080093db   Thumb Code    20  main.o(t._ZN4mbed8CallbackIFvvEE13function_moveINS2_14method_contextI4PingMS5_FvvEEEEEvPvPKv)
    void mbed::Callback<void()>::function_move<void(*)()>(void*, const void*) 0x080093ef   Thumb Code    10  InterruptIn.o(t._ZN4mbed8CallbackIFvvEE13function_moveIPS1_EEvPvPKv)
    mbed::Callback<void()>::~Callback()      0x080093f9   Thumb Code    18  main.o(t._ZN4mbed8CallbackIFvvEED1Ev)
    mbed::Callback<void()>::~Callback__sub_object() 0x080093f9   Thumb Code     0  main.o(t._ZN4mbed8CallbackIFvvEED1Ev)
    CThunk<mbed::SerialBase>::trampoline(mbed::SerialBase*, void*, void(mbed::SerialBase::**)(void*)) 0x0800940b   Thumb Code    54  SerialBase.o(t._ZN6CThunkIN4mbed10SerialBaseEE10trampolineEPS1_PvPMS1_FvS4_E)
    _fp_init                                 0x08009441   Thumb Code    10  fpinit.o(x$fpl$fpinit)
    __fplib_config_fpu_vfp                   0x08009449   Thumb Code     0  fpinit.o(x$fpl$fpinit)
    __fplib_config_pureend_doubles           0x08009449   Thumb Code     0  fpinit.o(x$fpl$fpinit)
    _printf_fp_dec                           0x0800944b   Thumb Code     4  printf1.o(x$fpl$printf1)
    _printf_fp_hex                           0x0800944f   Thumb Code     4  printf2.o(x$fpl$printf2)
    __I$use$fp                               0x08009452   Number         0  usenofp.o(x$fpl$usenofp)
    PinMap_PWM                               0x08009468   Data         468  PeripheralPins.o(.constdata)
    PinMap_UART_TX                           0x0800963c   Data         156  PeripheralPins.o(.constdata)
    PinMap_UART_RX                           0x080096d8   Data         144  PeripheralPins.o(.constdata)
    __stdin_name                             0x0800979c   Data           7  retarget.o(.constdata)
    __stdout_name                            0x080097a3   Data           8  retarget.o(.constdata)
    __stderr_name                            0x080097ab   Data           8  retarget.o(.constdata)
    AHBPrescTable                            0x080097b3   Data          16  system_stm32f7xx.o(.constdata)
    APBPrescTable                            0x080097c3   Data           8  system_stm32f7xx.o(.constdata)
    _monlen                                  0x0800983c   Data          12  _monlen.o(.constdata)
    vtable for mbed::FileHandle              0x08009904   Data          52  retarget.o(.constdata__ZTVN4mbed10FileHandleE)
    vtable for mbed::SerialBase              0x08009938   Data          24  SerialBase.o(.constdata__ZTVN4mbed10SerialBaseE)
    vtable for mbed::InterruptIn             0x08009950   Data          16  InterruptIn.o(.constdata__ZTVN4mbed11InterruptInE)
    vtable for mbed::Serial                  0x08009960   Data         108  Serial.o(.constdata__ZTVN4mbed6SerialE)
    vtable for mbed::Stream                  0x080099cc   Data          76  Stream.o(.constdata__ZTVN4mbed6StreamE)
    vtable for mbed::FileBase                0x08009a18   Data          16  FileBase.o(.constdata__ZTVN4mbed8FileBaseE)
    vtable for mbed::FileLike                0x08009a28   Data          68  FileLike.o(.constdata__ZTVN4mbed8FileLikeE)
    SingletonPtr<PlatformMutex>::get()::string 0x08009a6c   Data          20  retarget.o(.constdata__ZZN12SingletonPtrI13PlatformMutexE3getEvEs)
    SingletonPtr<PlatformMutex>::get()::string (instance 2) 0x08009a80   Data          77  retarget.o(.constdata__ZZN12SingletonPtrI13PlatformMutexE3getEvEs_0)
    void mbed::Callback<void()>::generate<mbed::Callback<void()>::method_context<Ping, void(Ping::*)()>>(const T1&)::ops 0x08009ad0   Data          12  main.o(.constdata__ZZN4mbed8CallbackIFvvEE8generateINS2_14method_contextI4PingMS5_FvvEEEEEvRKT_E3ops)
    void mbed::Callback<void()>::generate<void(*)()>(const T1&)::ops 0x08009adc   Data          12  InterruptIn.o(.constdata__ZZN4mbed8CallbackIFvvEE8generateIPS1_EEvRKT_E3ops)
    mbed::Callback<void()>::call() const::string 0x08009ae8   Data           5  InterruptIn.o(.constdata__ZZNK4mbed8CallbackIFvvEE4callEvEs)
    mbed::Callback<void()>::call() const::string (instance 2) 0x08009aed   Data          73  InterruptIn.o(.constdata__ZZNK4mbed8CallbackIFvvEE4callEvEs_0)
    Region$$Table$$Base                      0x08009cd4   Number         0  anon$$obj.o(Region$$Table)
    Region$$Table$$Limit                     0x08009cf4   Number         0  anon$$obj.o(Region$$Table)
    __ctype                                  0x08009d1d   Data           0  lc_ctype_c.o(locale$$data)
    SHT$$INIT_ARRAY$$Base                    0x08009e20   Number         0  main.o(.init_array)
    SHT$$INIT_ARRAY$$Limit                   0x08009e24   Number         0  init_aeabi.o(.init_array)
    PreviousVal                              0x20000248   Data           4  hal_tick_32b.o(.data)
    stdio_uart_inited                        0x20000258   Data           4  serial_api.o(.data)
    uwTick                                   0x20000260   Data           4  stm32f7xx_hal.o(.data)
    SystemCoreClock                          0x20000264   Data           4  system_stm32f7xx.o(.data)
    mbed::FileBase::_head                    0x20000294   Data           4  FileBase.o(.data)
    mbed::FileBase::_mutex                   0x20000298   Data           8  FileBase.o(.data)
    __aeabi_stdin                            0x200002a0   Data           4  stdio_streams.o(.data)
    __aeabi_stdout                           0x200002a4   Data           4  stdio_streams.o(.data)
    __aeabi_stderr                           0x200002a8   Data           4  stdio_streams.o(.data)
    insectRobot                              0x200002b0   Data         584  main.o(.bss)
    Ultrasonic_L                             0x200004f8   Data         120  main.o(.bss)
    Ultrasonic_R                             0x20000570   Data         120  main.o(.bss)
    IRSensor                                 0x200005e8   Data          20  main.o(.bss)
    pc                                       0x200005fc   Data         208  main.o(.bss)
    stdio_uart                               0x20000d5c   Data          68  serial_api.o(.bss)
    TimMasterHandle                          0x20000da0   Data          60  us_ticker_32b.o(.bss)
    __stdin                                  0x20000ddc   Data          84  stdio_streams.o(.bss)
    __stdout                                 0x20000e30   Data          84  stdio_streams.o(.bss)
    __stderr                                 0x20000e84   Data          84  stdio_streams.o(.bss)
    _random_number_data                      0x20000ed8   Data         228  rand.o(.bss)
    Image$$RW_IRAM1$$ZI$$Limit               0x20001004   Number         0  anon$$obj.o ABSOLUTE



==============================================================================

Memory Map of the image

  Image Entry point : 0x080001f9

  Load Region LR_IROM1 (Base: 0x08000000, Size: 0x00009edc, Max: 0x00200000, ABSOLUTE)

    Execution Region ER_IROM1 (Base: 0x08000000, Size: 0x00009e24, Max: 0x00200000, ABSOLUTE)

    Base Addr    Size         Type   Attr      Idx    E Section Name        Object

    0x08000000   0x000001f8   Data   RO         1963    RESET               startup_stm32f769xx.o
    0x080001f8   0x00000008   Code   RO         6031  * !!!main             c_w.l(__main.o)
    0x08000200   0x00000034   Code   RO         6688    !!!scatter          c_w.l(__scatter.o)
    0x08000234   0x0000001a   Code   RO         6690    !!handler_copy      c_w.l(__scatter_copy.o)
    0x0800024e   0x00000002   PAD
    0x08000250   0x0000001c   Code   RO         6692    !!handler_zi        c_w.l(__scatter_zi.o)
    0x0800026c   0x00000000   Code   RO         5964    .ARM.Collect$$_printf_percent$$00000000  c_w.l(_printf_percent.o)
    0x0800026c   0x00000006   Code   RO         6213    .ARM.Collect$$_printf_percent$$00000001  c_w.l(_printf_n.o)
    0x08000272   0x00000006   Code   RO         5963    .ARM.Collect$$_printf_percent$$00000002  c_w.l(_printf_p.o)
    0x08000278   0x00000006   Code   RO         6219    .ARM.Collect$$_printf_percent$$00000003  c_w.l(_printf_f.o)
    0x0800027e   0x00000006   Code   RO         6220    .ARM.Collect$$_printf_percent$$00000004  c_w.l(_printf_e.o)
    0x08000284   0x00000006   Code   RO         6221    .ARM.Collect$$_printf_percent$$00000005  c_w.l(_printf_g.o)
    0x0800028a   0x00000006   Code   RO         6222    .ARM.Collect$$_printf_percent$$00000006  c_w.l(_printf_a.o)
    0x08000290   0x0000000a   Code   RO         6227    .ARM.Collect$$_printf_percent$$00000007  c_w.l(_printf_ll.o)
    0x0800029a   0x00000006   Code   RO         6216    .ARM.Collect$$_printf_percent$$00000008  c_w.l(_printf_i.o)
    0x080002a0   0x00000006   Code   RO         6217    .ARM.Collect$$_printf_percent$$00000009  c_w.l(_printf_d.o)
    0x080002a6   0x00000006   Code   RO         6218    .ARM.Collect$$_printf_percent$$0000000A  c_w.l(_printf_u.o)
    0x080002ac   0x00000006   Code   RO         6215    .ARM.Collect$$_printf_percent$$0000000B  c_w.l(_printf_o.o)
    0x080002b2   0x00000006   Code   RO         6214    .ARM.Collect$$_printf_percent$$0000000C  c_w.l(_printf_x.o)
    0x080002b8   0x00000006   Code   RO         6224    .ARM.Collect$$_printf_percent$$0000000D  c_w.l(_printf_lli.o)
    0x080002be   0x00000006   Code   RO         6225    .ARM.Collect$$_printf_percent$$0000000E  c_w.l(_printf_lld.o)
    0x080002c4   0x00000006   Code   RO         6226    .ARM.Collect$$_printf_percent$$0000000F  c_w.l(_printf_llu.o)
    0x080002ca   0x00000006   Code   RO         6231    .ARM.Collect$$_printf_percent$$00000010  c_w.l(_printf_llo.o)
    0x080002d0   0x00000006   Code   RO         6232    .ARM.Collect$$_printf_percent$$00000011  c_w.l(_printf_llx.o)
    0x080002d6   0x0000000a   Code   RO         6228    .ARM.Collect$$_printf_percent$$00000012  c_w.l(_printf_l.o)
    0x080002e0   0x00000006   Code   RO         6211    .ARM.Collect$$_printf_percent$$00000013  c_w.l(_printf_c.o)
    0x080002e6   0x00000006   Code   RO         6212    .ARM.Collect$$_printf_percent$$00000014  c_w.l(_printf_s.o)
    0x080002ec   0x00000006   Code   RO         6229    .ARM.Collect$$_printf_percent$$00000015  c_w.l(_printf_lc.o)
    0x080002f2   0x00000006   Code   RO         6230    .ARM.Collect$$_printf_percent$$00000016  c_w.l(_printf_ls.o)
    0x080002f8   0x00000004   Code   RO         6223    .ARM.Collect$$_printf_percent$$00000017  c_w.l(_printf_percent_end.o)
    0x080002fc   0x00000002   Code   RO         6568    .ARM.Collect$$libinit$$00000000  c_w.l(libinit.o)
    0x080002fe   0x00000004   Code   RO         6283    .ARM.Collect$$libinit$$00000001  c_w.l(libinit2.o)
    0x08000302   0x00000000   Code   RO         6286    .ARM.Collect$$libinit$$00000004  c_w.l(libinit2.o)
    0x08000302   0x00000008   Code   RO         6287    .ARM.Collect$$libinit$$00000005  c_w.l(libinit2.o)
    0x0800030a   0x00000000   Code   RO         6289    .ARM.Collect$$libinit$$0000000A  c_w.l(libinit2.o)
    0x0800030a   0x00000000   Code   RO         6291    .ARM.Collect$$libinit$$0000000C  c_w.l(libinit2.o)
    0x0800030a   0x00000004   Code   RO         6292    .ARM.Collect$$libinit$$0000000D  c_w.l(libinit2.o)
    0x0800030e   0x00000000   Code   RO         6293    .ARM.Collect$$libinit$$0000000E  c_w.l(libinit2.o)
    0x0800030e   0x00000006   Code   RO         6294    .ARM.Collect$$libinit$$0000000F  c_w.l(libinit2.o)
    0x08000314   0x00000000   Code   RO         6296    .ARM.Collect$$libinit$$00000011  c_w.l(libinit2.o)
    0x08000314   0x0000000c   Code   RO         6297    .ARM.Collect$$libinit$$00000012  c_w.l(libinit2.o)
    0x08000320   0x00000000   Code   RO         6298    .ARM.Collect$$libinit$$00000013  c_w.l(libinit2.o)
    0x08000320   0x00000000   Code   RO         6300    .ARM.Collect$$libinit$$00000015  c_w.l(libinit2.o)
    0x08000320   0x0000000a   Code   RO         6301    .ARM.Collect$$libinit$$00000016  c_w.l(libinit2.o)
    0x0800032a   0x00000000   Code   RO         6302    .ARM.Collect$$libinit$$00000017  c_w.l(libinit2.o)
    0x0800032a   0x00000000   Code   RO         6304    .ARM.Collect$$libinit$$00000019  c_w.l(libinit2.o)
    0x0800032a   0x00000000   Code   RO         6306    .ARM.Collect$$libinit$$0000001B  c_w.l(libinit2.o)
    0x0800032a   0x00000000   Code   RO         6308    .ARM.Collect$$libinit$$0000001D  c_w.l(libinit2.o)
    0x0800032a   0x00000000   Code   RO         6310    .ARM.Collect$$libinit$$0000001F  c_w.l(libinit2.o)
    0x0800032a   0x00000000   Code   RO         6312    .ARM.Collect$$libinit$$00000021  c_w.l(libinit2.o)
    0x0800032a   0x00000000   Code   RO         6314    .ARM.Collect$$libinit$$00000023  c_w.l(libinit2.o)
    0x0800032a   0x00000004   Code   RO         6315    .ARM.Collect$$libinit$$00000024  c_w.l(libinit2.o)
    0x0800032e   0x00000000   Code   RO         6316    .ARM.Collect$$libinit$$00000025  c_w.l(libinit2.o)
    0x0800032e   0x00000000   Code   RO         6320    .ARM.Collect$$libinit$$0000002C  c_w.l(libinit2.o)
    0x0800032e   0x00000000   Code   RO         6322    .ARM.Collect$$libinit$$0000002E  c_w.l(libinit2.o)
    0x0800032e   0x00000000   Code   RO         6324    .ARM.Collect$$libinit$$00000030  c_w.l(libinit2.o)
    0x0800032e   0x00000004   Code   RO         6325    .ARM.Collect$$libinit$$00000031  c_w.l(libinit2.o)
    0x08000332   0x00000000   Code   RO         6326    .ARM.Collect$$libinit$$00000032  c_w.l(libinit2.o)
    0x08000332   0x00000002   Code   RO         6327    .ARM.Collect$$libinit$$00000033  c_w.l(libinit2.o)
    0x08000334   0x00000000   Code   RO         6465    .ARM.Collect$$libshutdown$$00000004  c_w.l(libshutdown2.o)
    0x08000334   0x00000000   Code   RO         6156    .ARM.Collect$$rtentry$$00000000  c_w.l(__rtentry.o)
    0x08000334   0x00000000   Code   RO         6362    .ARM.Collect$$rtentry$$00000002  c_w.l(__rtentry2.o)
    0x08000334   0x00000006   Code   RO         6374    .ARM.Collect$$rtentry$$00000004  c_w.l(__rtentry4.o)
    0x0800033a   0x00000008   Code   RO         6363    .ARM.Collect$$rtentry$$00000008  c_w.l(__rtentry2.o)
    0x08000342   0x00000004   Code   RO         6365    .ARM.Collect$$rtentry$$0000000A  c_w.l(__rtentry2.o)
    0x08000346   0x00000000   Code   RO         6367    .ARM.Collect$$rtentry$$0000000C  c_w.l(__rtentry2.o)
    0x08000346   0x00000008   Code   RO         6368    .ARM.Collect$$rtentry$$0000000D  c_w.l(__rtentry2.o)
    0x0800034e   0x00000002   PAD
    0x08000350   0x00000000   Code   RO         6380    .emb_text           c_w.l(maybetermalloc1.o)
    0x08000350   0x00000024   Code   RO         1964    .text               startup_stm32f769xx.o
    0x08000374   0x0000005e   Code   RO         5854    .text               c_w.l(h1_alloc.o)
    0x080003d2   0x0000004e   Code   RO         5856    .text               c_w.l(h1_free.o)
    0x08000420   0x00000024   Code   RO         5912    .text               c_w.l(vsprintf.o)
    0x08000444   0x0000000a   Code   RO         5914    .text               c_w.l(c89vfprintf.o)
    0x0800044e   0x00000002   PAD
    0x08000450   0x0000002c   Code   RO         5916    .text               c_w.l(__2sprintf.o)
    0x0800047c   0x00000094   Code   RO         5940    .text               c_w.l(_printf_hex_int_ll_ptr.o)
    0x08000510   0x00000188   Code   RO         5960    .text               c_w.l(__printf_flags_ss_wp.o)
    0x08000698   0x0000003c   Code   RO         5967    .text               c_w.l(__0sscanf.o)
    0x080006d4   0x0000014c   Code   RO         5969    .text               c_w.l(_scanf_int.o)
    0x08000820   0x00000064   Code   RO         5971    .text               c_w.l(fflush.o)
    0x08000884   0x000000ec   Code   RO         5985    .text               c_w.l(fopen.o)
    0x08000970   0x00000014   Code   RO         5987    .text               c_w.l(setbuf.o)
    0x08000984   0x0000004c   Code   RO         5995    .text               c_w.l(fclose.o)
    0x080009d0   0x0000003c   Code   RO         6008    .text               c_w.l(rand.o)
    0x08000a0c   0x0000003e   Code   RO         6012    .text               c_w.l(strlen.o)
    0x08000a4a   0x00000096   Code   RO         6014    .text               c_w.l(strncmp.o)
    0x08000ae0   0x00000064   Code   RO         6016    .text               c_w.l(rt_memcpy_w.o)
    0x08000b44   0x0000004e   Code   RO         6020    .text               c_w.l(rt_memclr_w.o)
    0x08000b92   0x00000002   PAD
    0x08000b94   0x00000068   Code   RO         6024    .text               c_w.l(strcmpv7m_pel.o)
    0x08000bfc   0x0000000c   Code   RO         6026    .text               c_w.l(localtime.o)
    0x08000c08   0x000001a8   Code   RO         6029    .text               c_w.l(mktime.o)
    0x08000db0   0x00000024   Code   RO         6036    .text               c_w.l(init_aeabi.o)
    0x08000dd4   0x00000022   Code   RO         6151    .text               cpprt_w.l(aeabi_vec_dtor_noexceptions.o)
    0x08000df6   0x00000002   PAD
    0x08000df8   0x00000008   Code   RO         6157    .text               c_w.l(rt_heap_descriptor.o)
    0x08000e00   0x00000004   Code   RO         6162    .text               c_w.l(hguard.o)
    0x08000e04   0x0000008a   Code   RO         6164    .text               c_w.l(init_alloc.o)
    0x08000e8e   0x0000000e   Code   RO         6168    .text               c_w.l(h1_init.o)
    0x08000e9c   0x0000004e   Code   RO         6182    .text               c_w.l(_printf_pad.o)
    0x08000eea   0x00000024   Code   RO         6184    .text               c_w.l(_printf_truncate.o)
    0x08000f0e   0x00000052   Code   RO         6186    .text               c_w.l(_printf_str.o)
    0x08000f60   0x000000b2   Code   RO         6188    .text               c_w.l(_printf_intcommon.o)
    0x08001012   0x00000002   PAD
    0x08001014   0x00000078   Code   RO         6190    .text               c_w.l(_printf_dec.o)
    0x0800108c   0x00000028   Code   RO         6192    .text               c_w.l(_printf_charcount.o)
    0x080010b4   0x00000030   Code   RO         6194    .text               c_w.l(_printf_char_common.o)
    0x080010e4   0x0000000a   Code   RO         6196    .text               c_w.l(_sputc.o)
    0x080010ee   0x00000002   PAD
    0x080010f0   0x00000024   Code   RO         6198    .text               c_w.l(_printf_char_file.o)
    0x08001114   0x000000bc   Code   RO         6200    .text               c_w.l(_printf_wctomb.o)
    0x080011d0   0x0000007c   Code   RO         6203    .text               c_w.l(_printf_longlong_dec.o)
    0x0800124c   0x00000070   Code   RO         6209    .text               c_w.l(_printf_oct_int_ll.o)
    0x080012bc   0x0000001c   Code   RO         6233    .text               c_w.l(_chval.o)
    0x080012d8   0x0000002c   Code   RO         6239    .text               c_w.l(scanf_char.o)
    0x08001304   0x00000040   Code   RO         6241    .text               c_w.l(_sgetc.o)
    0x08001344   0x00000008   Code   RO         6251    .text               c_w.l(ferror.o)
    0x0800134c   0x000001d6   Code   RO         6255    .text               c_w.l(flsbuf.o)
    0x08001522   0x00000002   PAD
    0x08001524   0x000000f8   Code   RO         6257    .text               c_w.l(fseek.o)
    0x0800161c   0x00000046   Code   RO         6259    .text               c_w.l(setvbuf.o)
    0x08001662   0x00000002   PAD
    0x08001664   0x000000f0   Code   RO         6261    .text               c_w.l(stdio.o)
    0x08001754   0x00000138   Code   RO         6264    .text               c_w.l(initio.o)
    0x0800188c   0x0000000e   Code   RO         6272    .text               c_w.l(defsig_pvfn_outer.o)
    0x0800189a   0x00000002   PAD
    0x0800189c   0x000000b8   Code   RO         6279    .text               c_w.l(localtime_internal.o)
    0x08001954   0x00000034   Code   RO         6382    .text               c_w.l(h1_extend.o)
    0x08001988   0x0000008a   Code   RO         6386    .text               c_w.l(lludiv10.o)
    0x08001a12   0x00000012   Code   RO         6388    .text               c_w.l(isspace.o)
    0x08001a24   0x0000041a   Code   RO         6390    .text               c_w.l(_printf_fp_dec.o)
    0x08001e3e   0x00000002   PAD
    0x08001e40   0x000002fc   Code   RO         6392    .text               c_w.l(_printf_fp_hex.o)
    0x0800213c   0x0000002c   Code   RO         6397    .text               c_w.l(_printf_char.o)
    0x08002168   0x0000002c   Code   RO         6401    .text               c_w.l(_printf_wchar.o)
    0x08002194   0x00000374   Code   RO         6403    .text               c_w.l(_scanf.o)
    0x08002508   0x00000042   Code   RO         6413    .text               c_w.l(ftell.o)
    0x0800254a   0x00000040   Code   RO         6439    .text               c_w.l(_wcrtomb.o)
    0x0800258a   0x0000000a   Code   RO         6441    .text               c_w.l(defsig_exit.o)
    0x08002594   0x0000000e   Code   RO         6443    .text               c_w.l(defsig_rtred_outer.o)
    0x080025a2   0x0000000e   Code   RO         6447    .text               c_w.l(defsig_rtmem_outer.o)
    0x080025b0   0x00000030   Code   RO         6451    .text               c_w.l(defsig_pvfn_inner.o)
    0x080025e0   0x00000050   Code   RO         6455    .text               c_w.l(heapauxa.o)
    0x08002630   0x0000000c   Code   RO         6496    .text               c_w.l(sys_exit.o)
    0x0800263c   0x00000010   Code   RO         6498    .text               c_w.l(rt_ctype_table.o)
    0x0800264c   0x00000008   Code   RO         6500    .text               c_w.l(rt_locale.o)
    0x08002654   0x00000008   Code   RO         6510    .text               c_w.l(rt_errno_addr.o)
    0x0800265c   0x00000080   Code   RO         6517    .text               c_w.l(_printf_fp_infnan.o)
    0x080026dc   0x000000dc   Code   RO         6519    .text               c_w.l(bigflt0.o)
    0x080027b8   0x00000032   Code   RO         6553    .text               c_w.l(defsig_general.o)
    0x080027ea   0x00000002   PAD
    0x080027ec   0x00000034   Code   RO         6555    .text               c_w.l(defsig_rtred_inner.o)
    0x08002820   0x00000050   Code   RO         6557    .text               c_w.l(defsig_rtmem_inner.o)
    0x08002870   0x0000000e   Code   RO         6601    .text               c_w.l(sys_wrch.o)
    0x0800287e   0x00000002   Code   RO         6603    .text               c_w.l(use_no_semi.o)
    0x08002880   0x00000000   Code   RO         6605    .text               c_w.l(indicate_semi.o)
    0x08002880   0x0000003e   Code   RO         6522    CL$$btod_d2e        c_w.l(btod.o)
    0x080028be   0x00000046   Code   RO         6524    CL$$btod_d2e_denorm_low  c_w.l(btod.o)
    0x08002904   0x00000060   Code   RO         6523    CL$$btod_d2e_norm_op1  c_w.l(btod.o)
    0x08002964   0x00000338   Code   RO         6532    CL$$btod_div_common  c_w.l(btod.o)
    0x08002c9c   0x000000c6   Code   RO         6529    CL$$btod_e2e        c_w.l(btod.o)
    0x08002d62   0x00000028   Code   RO         6526    CL$$btod_ediv       c_w.l(btod.o)
    0x08002d8a   0x00000028   Code   RO         6525    CL$$btod_emul       c_w.l(btod.o)
    0x08002db2   0x00000244   Code   RO         6531    CL$$btod_mult_common  c_w.l(btod.o)
    0x08002ff6   0x0000000e   Code   RO         1686    i.$Sub$$main        retarget.o
    0x08003004   0x00000006   Code   RO         5408    i.<Func3>           mbed.ar(SerialBase.o)
    0x0800300a   0x00000002   PAD
    0x0800300c   0x0000000c   Code   RO         1375    i.CAN1_RX0_IRQHandler  can_api.o
    0x08003018   0x0000000c   Code   RO         1376    i.CAN1_SCE_IRQHandler  can_api.o
    0x08003024   0x0000000c   Code   RO         1377    i.CAN1_TX_IRQHandler  can_api.o
    0x08003030   0x0000000c   Code   RO         1378    i.CAN2_RX0_IRQHandler  can_api.o
    0x0800303c   0x0000000c   Code   RO         1379    i.CAN2_SCE_IRQHandler  can_api.o
    0x08003048   0x0000000c   Code   RO         1380    i.CAN2_TX_IRQHandler  can_api.o
    0x08003054   0x00000024   Code   RO         2551    i.HAL_DMA_Abort_IT  stm32f7xx_hal_dma.o
    0x08003078   0x00000174   Code   RO         2760    i.HAL_GPIO_DeInit   stm32f7xx_hal_gpio.o
    0x080031ec   0x00000250   Code   RO         2763    i.HAL_GPIO_Init     stm32f7xx_hal_gpio.o
    0x0800343c   0x0000000c   Code   RO         1986    i.HAL_GetTick       stm32f7xx_hal.o
    0x08003448   0x00000010   Code   RO         1987    i.HAL_IncTick       stm32f7xx_hal.o
    0x08003458   0x00000024   Code   RO         1988    i.HAL_Init          stm32f7xx_hal.o
    0x0800347c   0x000000cc   Code   RO         1492    i.HAL_InitTick      hal_tick_32b.o
    0x08003548   0x00000002   Code   RO         1991    i.HAL_MspInit       stm32f7xx_hal.o
    0x0800354a   0x00000002   PAD
    0x0800354c   0x00000024   Code   RO         2206    i.HAL_NVIC_SetPriorityGrouping  stm32f7xx_hal_cortex.o
    0x08003570   0x0000007c   Code   RO         3688    i.HAL_PWREx_EnableOverDrive  stm32f7xx_hal_pwr_ex.o
    0x080035ec   0x00000010   Code   RO         3645    i.HAL_PWR_EnableBkUpAccess  stm32f7xx_hal_pwr.o
    0x080035fc   0x00000794   Code   RO         3834    i.HAL_RCCEx_PeriphCLKConfig  stm32f7xx_hal_rcc_ex.o
    0x08003d90   0x00000208   Code   RO         3799    i.HAL_RCC_ClockConfig  stm32f7xx_hal_rcc.o
    0x08003f98   0x00000048   Code   RO         3803    i.HAL_RCC_GetClockConfig  stm32f7xx_hal_rcc.o
    0x08003fe0   0x00000030   Code   RO         3806    i.HAL_RCC_GetPCLK1Freq  stm32f7xx_hal_rcc.o
    0x08004010   0x00000030   Code   RO         3807    i.HAL_RCC_GetPCLK2Freq  stm32f7xx_hal_rcc.o
    0x08004040   0x00000098   Code   RO         3808    i.HAL_RCC_GetSysClockFreq  stm32f7xx_hal_rcc.o
    0x080040d8   0x000003f4   Code   RO         3811    i.HAL_RCC_OscConfig  stm32f7xx_hal_rcc.o
    0x080044cc   0x00000010   Code   RO         1841    i.HAL_RTCEx_WakeUpTimerEventCallback  rtc_api.o
    0x080044dc   0x0000003c   Code   RO         3958    i.HAL_RTCEx_WakeUpTimerIRQHandler  stm32f7xx_hal_rtc_ex.o
    0x08004518   0x00000068   Code   RO         3881    i.HAL_RTC_GetDate   stm32f7xx_hal_rtc.o
    0x08004580   0x00000080   Code   RO         3883    i.HAL_RTC_GetTime   stm32f7xx_hal_rtc.o
    0x08004600   0x000000ca   Code   RO         3884    i.HAL_RTC_Init      stm32f7xx_hal_rtc.o
    0x080046ca   0x00000002   Code   RO         3886    i.HAL_RTC_MspInit   stm32f7xx_hal_rtc.o
    0x080046cc   0x00000126   Code   RO         3890    i.HAL_RTC_SetDate   stm32f7xx_hal_rtc.o
    0x080047f2   0x00000002   PAD
    0x080047f4   0x0000014c   Code   RO         3891    i.HAL_RTC_SetTime   stm32f7xx_hal_rtc.o
    0x08004940   0x00000030   Code   RO         4686    i.HAL_TIMEx_PWMN_Start  stm32f7xx_hal_tim_ex.o
    0x08004970   0x00000036   Code   RO         4501    i.HAL_TIM_OC_Init   stm32f7xx_hal_tim.o
    0x080049a6   0x00000002   Code   RO         4503    i.HAL_TIM_OC_MspInit  stm32f7xx_hal_tim.o
    0x080049a8   0x00000040   Code   RO         4504    i.HAL_TIM_OC_Start  stm32f7xx_hal_tim.o
    0x080049e8   0x000001cc   Code   RO         4695    i.HAL_TIM_PWM_ConfigChannel  stm32f7xx_hal_tim_ex.o
    0x08004bb4   0x00000036   Code   RO         4523    i.HAL_TIM_PWM_Init  stm32f7xx_hal_tim.o
    0x08004bea   0x00000002   Code   RO         4525    i.HAL_TIM_PWM_MspInit  stm32f7xx_hal_tim.o
    0x08004bec   0x00000040   Code   RO         4527    i.HAL_TIM_PWM_Start  stm32f7xx_hal_tim.o
    0x08004c2c   0x0000003a   Code   RO         1873    i.HAL_UART_ErrorCallback  serial_api.o
    0x08004c66   0x00000002   PAD
    0x08004c68   0x00000290   Code   RO         4762    i.HAL_UART_IRQHandler  stm32f7xx_hal_uart.o
    0x08004ef8   0x0000006e   Code   RO         4763    i.HAL_UART_Init     stm32f7xx_hal_uart.o
    0x08004f66   0x00000002   Code   RO         4765    i.HAL_UART_MspInit  stm32f7xx_hal_uart.o
    0x08004f68   0x00000002   Code   RO         4769    i.HAL_UART_RxCpltCallback  stm32f7xx_hal_uart.o
    0x08004f6a   0x00000010   Code   RO         1874    i.HAL_UART_TxCpltCallback  serial_api.o
    0x08004f7a   0x00000002   PAD
    0x08004f7c   0x00000034   Code   RO         1428    i.NVIC_SetVector    cmsis_nvic.o
    0x08004fb0   0x00000032   Code   RO         3894    i.RTC_ByteToBcd2    stm32f7xx_hal_rtc.o
    0x08004fe2   0x00000002   PAD
    0x08004fe4   0x0000000c   Code   RO         1842    i.RTC_IRQHandler    rtc_api.o
    0x08004ff0   0x00000080   Code   RO         5141    i.SetSysClock_PLL_HSE  system_stm32f7xx.o
    0x08005070   0x00000118   Code   RO         5142    i.SetSysClock_PLL_HSI  system_stm32f7xx.o
    0x08005188   0x00000158   Code   RO         1624    i.Set_GPIO_Clock    pinmap.o
    0x080052e0   0x00000090   Code   RO         5143    i.SystemCoreClockUpdate  system_stm32f7xx.o
    0x08005370   0x0000013c   Code   RO         5144    i.SystemInit        system_stm32f7xx.o
    0x080054ac   0x000000c0   Code   RO         4538    i.TIM_Base_SetConfig  stm32f7xx_hal_tim.o
    0x0800556c   0x00000066   Code   RO         4546    i.TIM_OC1_SetConfig  stm32f7xx_hal_tim.o
    0x080055d2   0x0000006c   Code   RO         4547    i.TIM_OC2_SetConfig  stm32f7xx_hal_tim.o
    0x0800563e   0x0000006c   Code   RO         4548    i.TIM_OC3_SetConfig  stm32f7xx_hal_tim.o
    0x080056aa   0x00000058   Code   RO         4549    i.TIM_OC4_SetConfig  stm32f7xx_hal_tim.o
    0x08005702   0x000000da   Code   RO         4776    i.UART_AdvFeatureConfig  stm32f7xx_hal_uart.o
    0x080057dc   0x00000060   Code   RO         4777    i.UART_CheckIdleState  stm32f7xx_hal_uart.o
    0x0800583c   0x00000014   Code   RO         4778    i.UART_DMAAbortOnError  stm32f7xx_hal_uart.o
    0x08005850   0x000002a0   Code   RO         4784    i.UART_SetConfig    stm32f7xx_hal_uart.o
    0x08005af0   0x00000076   Code   RO         4785    i.UART_WaitOnFlagUntilTimeout  stm32f7xx_hal_uart.o
    0x08005b66   0x00000002   PAD
    0x08005b68   0x00000090   Code   RO            4    i._Z12Power_Strokeidc  main.o
    0x08005bf8   0x00000070   Code   RO            5    i._Z18Return_Stroke_downic  main.o
    0x08005c68   0x0000008c   Code   RO            6    i._Z19Return_Stroke_raiseidc  main.o
    0x08005cf4   0x00000004   PAD
    0x08005cf8   0x00000198   Code   RO            7    i._Z5standv         main.o
    0x08005e90   0x00000158   Code   RO            9    i._Z8rotate_Li      main.o
    0x08005fe8   0x00000158   Code   RO           10    i._Z8rotate_Ri      main.o
    0x08006140   0x00000390   Code   RO          735    i._ZN11InsectRobot9Set_servoEidcc  miat_insectrobot.o
    0x080064d0   0x00000228   Code   RO          739    i._ZN11InsectRobotC1E7PinNameS0_S0_S0_S0_S0_S0_S0_S0_S0_S0_S0_S0_S0_S0_S0_S0_S0_  miat_insectrobot.o
    0x080066f8   0x000000dc   Code   RO           12    i._ZN4Ping4SendEv   main.o
    0x080067d4   0x00000020   Code   RO           13    i._ZN4Ping6_StopsEv  main.o
    0x080067f4   0x00000024   Code   RO           15    i._ZN4Ping7_StartsEv  main.o
    0x08006818   0x00000098   Code   RO           16    i._ZN4PingC1E7PinName  main.o
    0x080068b0   0x00000004   Code   RO          117    i._ZN4PingD1Ev      main.o
    0x080068b4   0x00000052   Code   RO         1826    i._ZN4mbed10FileHandle4flenEv  retarget.o
    0x08006906   0x00000002   Code   RO         1830    i._ZN4mbed10FileHandle4lockEv  retarget.o
    0x08006908   0x00000002   Code   RO         1833    i._ZN4mbed10FileHandle6unlockEv  retarget.o
    0x0800690a   0x00000002   PAD
    0x0800690c   0x00000074   Code   RO         1688    i._ZN4mbed10FileHandleD2Ev  retarget.o
    0x08006980   0x0000000e   Code   RO         5410    i._ZN4mbed10SerialBase10_base_putcEi  mbed.ar(SerialBase.o)
    0x0800698e   0x00000002   PAD
    0x08006990   0x00000030   Code   RO         5416    i._ZN4mbed10SerialBase12_irq_handlerEj9SerialIrq  mbed.ar(SerialBase.o)
    0x080069c0   0x0000003e   Code   RO         5419    i._ZN4mbed10SerialBase24interrupt_handler_asynchEv  mbed.ar(SerialBase.o)
    0x080069fe   0x00000002   PAD
    0x08006a00   0x00000164   Code   RO         5431    i._ZN4mbed10SerialBaseC1E7PinNameS1_i  mbed.ar(SerialBase.o)
    0x08006b64   0x00000048   Code   RO         5296    i._ZN4mbed11InterruptIn12_irq_handlerEj14gpio_irq_event  mbed.ar(InterruptIn.o)
    0x08006bac   0x00000074   Code   RO         5297    i._ZN4mbed11InterruptIn4fallENS_8CallbackIFvvEEE  mbed.ar(InterruptIn.o)
    0x08006c20   0x00000074   Code   RO         5300    i._ZN4mbed11InterruptIn4riseENS_8CallbackIFvvEEE  mbed.ar(InterruptIn.o)
    0x08006c94   0x00000068   Code   RO         5301    i._ZN4mbed11InterruptInC1E7PinName  mbed.ar(InterruptIn.o)
    0x08006cfc   0x00000034   Code   RO         5303    i._ZN4mbed11InterruptInD1Ev  mbed.ar(InterruptIn.o)
    0x08006d30   0x00000006   Code   RO         1689    i._ZN4mbed26mbed_set_unbuffered_streamEPSt6__FILE  retarget.o
    0x08006d36   0x00000020   Code   RO         5594    i._ZN4mbed5Timer5startEv  mbed.ar(Timer.o)
    0x08006d56   0x0000002c   Code   RO         5596    i._ZN4mbed5Timer7read_usEv  mbed.ar(Timer.o)
    0x08006d82   0x00000028   Code   RO         5599    i._ZN4mbed5TimerC1Ev  mbed.ar(Timer.o)
    0x08006daa   0x00000002   PAD
    0x08006dac   0x0000002c   Code   RO         5357    i._ZN4mbed6SerialC1E7PinNameS1_PKci  mbed.ar(Serial.o)
    0x08006dd8   0x00000058   Code   RO          120    i._ZN4mbed6SerialD1Ev  main.o
    0x08006e30   0x00000004   Code   RO         5511    i._ZN4mbed6Stream4flenEv  mbed.ar(Stream.o)
    0x08006e34   0x00000004   Code   RO         5517    i._ZN4mbed6Stream5closeEv  mbed.ar(Stream.o)
    0x08006e38   0x00000004   Code   RO         5519    i._ZN4mbed6Stream5lseekEli  mbed.ar(Stream.o)
    0x08006e3c   0x0000003c   Code   RO         5521    i._ZN4mbed6Stream5writeEPKvj  mbed.ar(Stream.o)
    0x08006e78   0x00000004   Code   RO         5522    i._ZN4mbed6Stream6isattyEv  mbed.ar(Stream.o)
    0x08006e7c   0x00000032   Code   RO         5523    i._ZN4mbed6Stream6printfEPKcz  mbed.ar(Stream.o)
    0x08006eae   0x00000002   PAD
    0x08006eb0   0x00000044   Code   RO         5526    i._ZN4mbed6StreamC2EPKc  mbed.ar(Stream.o)
    0x08006ef4   0x00000024   Code   RO         5528    i._ZN4mbed6StreamD2Ev  mbed.ar(Stream.o)
    0x08006f18   0x00000004   Code   RO         5773    i._ZN4mbed8FileBase11getPathTypeEv  mbed.ar(FileBase.o)
    0x08006f1c   0x0000006c   Code   RO         5775    i._ZN4mbed8FileBase6lookupEPKcj  mbed.ar(FileBase.o)
    0x08006f88   0x00000040   Code   RO         5777    i._ZN4mbed8FileBaseC1EPKcNS_8PathTypeE  mbed.ar(FileBase.o)
    0x08006fc8   0x00000048   Code   RO         5779    i._ZN4mbed8FileBaseD1Ev  mbed.ar(FileBase.o)
    0x08007010   0x00000024   Code   RO         5808    i._ZN4mbed8FileLikeC2EPKc  mbed.ar(FileLike.o)
    0x08007034   0x00000012   Code   RO         5810    i._ZN4mbed8FileLikeD2Ev  mbed.ar(FileLike.o)
    0x08007046   0x00000018   Code   RO         5195    i._ZN4mbed8FilePath10fileSystemEv  mbed.ar(FilePath.o)
    0x0800705e   0x0000001c   Code   RO         5197    i._ZN4mbed8FilePath4fileEv  mbed.ar(FilePath.o)
    0x0800707a   0x0000000a   Code   RO         5198    i._ZN4mbed8FilePath6existsEv  mbed.ar(FilePath.o)
    0x08007084   0x00000018   Code   RO         5199    i._ZN4mbed8FilePath6isFileEv  mbed.ar(FilePath.o)
    0x0800709c   0x00000004   Code   RO         5200    i._ZN4mbed8FilePath8fileNameEv  mbed.ar(FilePath.o)
    0x080070a0   0x00000040   Code   RO         5201    i._ZN4mbed8FilePathC1EPKc  mbed.ar(FilePath.o)
    0x080070e0   0x00000002   Code   RO         5305    i._ZN4mbed9donothingEv  mbed.ar(InterruptIn.o)
    0x080070e2   0x00000002   Code   RO         5432    i._ZN4mbed9donothingEv  mbed.ar(SerialBase.o)
    0x080070e4   0x00000002   Code   RO         5359    i._ZThn180_N4mbed6Serial4lockEv  mbed.ar(Serial.o)
    0x080070e6   0x00000006   Code   RO         5361    i._ZThn180_N4mbed6Serial5_putcEi  mbed.ar(Serial.o)
    0x080070ec   0x00000002   Code   RO         5362    i._ZThn180_N4mbed6Serial6unlockEv  mbed.ar(Serial.o)
    0x080070ee   0x00000030   Code   RO         6591    i.__ARM_fpclassify  m_wv.l(fpclassify.o)
    0x0800711e   0x00000004   Code   RO         1696    i.__aeabi_atexit    retarget.o
    0x08007122   0x00000024   Code   RO         6148    i.__aeabi_vec_ctor_nocookie_nodtor  cpprt_w.l(aeabi_vec_ctor_nocookie_nodtor.o)
    0x08007146   0x00000006   Code   RO         6039    i.__cxa_pure_virtual  cpprt_w.l(pure_virt.o)
    0x0800714c   0x000000b0   Code   RO           17    i.__sti___8_main_cpp_5a1fc8a9  main.o
    0x080071fc   0x00000010   Code   RO         5134    i.__user_setup_stackheap  sys.o
    0x0800720c   0x0000000e   Code   RO         5953    i._is_digit         c_w.l(__printf_wp.o)
    0x0800721a   0x00000008   Code   RO         1699    i._platform_post_stackheap_init  retarget.o
    0x08007222   0x00000002   PAD
    0x08007224   0x0000002c   Code   RO         1700    i._sys_close        retarget.o
    0x08007250   0x00000028   Code   RO         1703    i._sys_flen         retarget.o
    0x08007278   0x00000028   Code   RO         1704    i._sys_istty        retarget.o
    0x080072a0   0x000001dc   Code   RO         1705    i._sys_open         retarget.o
    0x0800747c   0x00000028   Code   RO         1707    i._sys_seek         retarget.o
    0x080074a4   0x0000006c   Code   RO         1708    i._sys_write        retarget.o
    0x08007510   0x000000fc   Code   RO         1385    i.can_irq           can_api.o
    0x0800760c   0x0000008c   Code   RO         5709    i.core_util_critical_section_enter  mbed.ar(mbed_critical.o)
    0x08007698   0x00000058   Code   RO         5710    i.core_util_critical_section_exit  mbed.ar(mbed_critical.o)
    0x080076f0   0x00000012   Code   RO         5734    i.error             mbed.ar(mbed_error.o)
    0x08007702   0x00000002   PAD
    0x08007704   0x00000020   Code   RO         1710    i.exit              retarget.o
    0x08007724   0x0000001a   Code   RO         5980    i.fputc             c_w.l(fputc.o)
    0x0800773e   0x00000002   PAD
    0x08007740   0x00000008   Code   RO         5675    i.get_us_ticker_data  mbed.ar(mbed_us_ticker_api.o)
    0x08007748   0x00000054   Code   RO         1437    i.gpio_dir          gpio_api.o
    0x0800779c   0x0000003c   Code   RO         1438    i.gpio_init         gpio_api.o
    0x080077d8   0x00000028   Code   RO         5640    i.gpio_init_in      mbed.ar(mbed_gpio.o)
    0x08007800   0x00000008   Code   RO         1452    i.gpio_irq0         gpio_irq_api.o
    0x08007808   0x00000008   Code   RO         1453    i.gpio_irq1         gpio_irq_api.o
    0x08007810   0x00000008   Code   RO         1454    i.gpio_irq2         gpio_irq_api.o
    0x08007818   0x00000008   Code   RO         1455    i.gpio_irq3         gpio_irq_api.o
    0x08007820   0x00000008   Code   RO         1456    i.gpio_irq4         gpio_irq_api.o
    0x08007828   0x00000008   Code   RO         1457    i.gpio_irq5         gpio_irq_api.o
    0x08007830   0x00000008   Code   RO         1458    i.gpio_irq6         gpio_irq_api.o
    0x08007838   0x00000070   Code   RO         1461    i.gpio_irq_free     gpio_irq_api.o
    0x080078a8   0x00000144   Code   RO         1462    i.gpio_irq_init     gpio_irq_api.o
    0x080079ec   0x0000007c   Code   RO         1463    i.gpio_irq_set      gpio_irq_api.o
    0x08007a68   0x00000008   Code   RO         1439    i.gpio_mode         gpio_api.o
    0x08007a70   0x00000080   Code   RO         1464    i.handle_interrupt_in  gpio_irq_api.o
    0x08007af0   0x0000008c   Code   RO         1875    i.init_uart         serial_api.o
    0x08007b7c   0x00000004   PAD
    0x08007b80   0x00000650   Code   RO           18    i.main              main.o
    0x080081d0   0x00000054   Code   RO         5688    i.mbed_assert_internal  mbed.ar(mbed_assert.o)
    0x08008224   0x00000012   Code   RO         1602    i.mbed_die          mbed_board.o
    0x08008236   0x00000002   PAD
    0x08008238   0x00000054   Code   RO         1603    i.mbed_error_printf  mbed_board.o
    0x0800828c   0x0000004c   Code   RO         1604    i.mbed_error_vfprintf  mbed_board.o
    0x080082d8   0x00000002   Code   RO         1711    i.mbed_main         retarget.o
    0x080082da   0x0000000e   Code   RO         1615    i.mbed_sdk_init     mbed_overrides.o
    0x080082e8   0x0000006c   Code   RO         1625    i.pin_function      pinmap.o
    0x08008354   0x00000074   Code   RO         1626    i.pin_function_gpiomode  pinmap.o
    0x080083c8   0x0000005c   Code   RO         1627    i.pin_mode          pinmap.o
    0x08008424   0x00000060   Code   RO         5659    i.pinmap_function   mbed.ar(mbed_pinmap_common.o)
    0x08008484   0x0000003c   Code   RO         5660    i.pinmap_merge      mbed.ar(mbed_pinmap_common.o)
    0x080084c0   0x00000060   Code   RO         5661    i.pinmap_peripheral  mbed.ar(mbed_pinmap_common.o)
    0x08008520   0x0000005c   Code   RO         5662    i.pinmap_pinout     mbed.ar(mbed_pinmap_common.o)
    0x0800857c   0x000001e0   Code   RO         1659    i.pwmout_init       pwmout_api.o
    0x0800875c   0x000001d0   Code   RO         1662    i.pwmout_period_us  pwmout_api.o
    0x0800892c   0x00000024   Code   RO         1663    i.pwmout_pulsewidth  pwmout_api.o
    0x08008950   0x000000d4   Code   RO         1667    i.pwmout_write      pwmout_api.o
    0x08008a24   0x0000019c   Code   RO         1845    i.rtc_init          rtc_api.o
    0x08008bc0   0x00000014   Code   RO         1846    i.rtc_isenabled     rtc_api.o
    0x08008bd4   0x00000068   Code   RO         1847    i.rtc_read          rtc_api.o
    0x08008c3c   0x0000006c   Code   RO         1852    i.rtc_write         rtc_api.o
    0x08008ca8   0x00000006   Code   RO         1876    i.serial_baud       serial_api.o
    0x08008cae   0x00000002   PAD
    0x08008cb0   0x00000250   Code   RO         1883    i.serial_init       serial_api.o
    0x08008f00   0x00000018   Code   RO         1884    i.serial_irq_handler  serial_api.o
    0x08008f18   0x00000178   Code   RO         1885    i.serial_irq_handler_asynch  serial_api.o
    0x08009090   0x00000024   Code   RO         1888    i.serial_putc       serial_api.o
    0x080090b4   0x00000050   Code   RO         5835    i.ticker_irq_handler  mbed.ar(mbed_ticker_api.o)
    0x08009104   0x00000006   Code   RO         5836    i.ticker_read       mbed.ar(mbed_ticker_api.o)
    0x0800910a   0x00000002   PAD
    0x0800910c   0x000000bc   Code   RO         5745    i.time              mbed.ar(mbed_rtc_time.o)
    0x080091c8   0x00000064   Code   RO         1495    i.timer_irq_handler  hal_tick_32b.o
    0x0800922c   0x00000018   Code   RO         5177    i.us_ticker_clear_interrupt  us_ticker_32b.o
    0x08009244   0x00000018   Code   RO         5178    i.us_ticker_disable_interrupt  us_ticker_32b.o
    0x0800925c   0x00000028   Code   RO         5179    i.us_ticker_init    us_ticker_32b.o
    0x08009284   0x0000000c   Code   RO         5676    i.us_ticker_irq_handler  mbed.ar(mbed_us_ticker_api.o)
    0x08009290   0x00000030   Code   RO         5180    i.us_ticker_read    us_ticker_32b.o
    0x080092c0   0x0000001c   Code   RO         5181    i.us_ticker_set_interrupt  us_ticker_32b.o
    0x080092dc   0x00000028   Code   RO         5761    i.wait              mbed.ar(mbed_wait_api_no_rtos.o)
    0x08009304   0x0000001c   Code   RO         5762    i.wait_ms           mbed.ar(mbed_wait_api_no_rtos.o)
    0x08009320   0x00000018   Code   RO         5763    i.wait_us           mbed.ar(mbed_wait_api_no_rtos.o)
    0x08009338   0x0000002c   Code   RO         6547    locale$$code        c_w.l(lc_numeric_c.o)
    0x08009364   0x0000002c   Code   RO         6617    locale$$code        c_w.l(lc_ctype_c.o)
    0x08009390   0x0000002c   Code   RO         5800    t._ZN12SingletonPtrI13PlatformMutexEptEv  mbed.ar(FileBase.o)
    0x080093bc   0x00000016   Code   RO          130    t._ZN4mbed8CallbackIFvvEE13function_callINS2_14method_contextI4PingMS5_FvvEEEEEvPKv  main.o
    0x080093d2   0x00000004   Code   RO         5341    t._ZN4mbed8CallbackIFvvEE13function_callIPS1_EEvPKv  mbed.ar(InterruptIn.o)
    0x080093d6   0x00000002   Code   RO          142    t._ZN4mbed8CallbackIFvvEE13function_dtorINS2_14method_contextI4PingMS5_FvvEEEEEvPv  main.o
    0x080093d8   0x00000002   Code   RO         5347    t._ZN4mbed8CallbackIFvvEE13function_dtorIPS1_EEvPv  mbed.ar(InterruptIn.o)
    0x080093da   0x00000014   Code   RO          136    t._ZN4mbed8CallbackIFvvEE13function_moveINS2_14method_contextI4PingMS5_FvvEEEEEvPvPKv  main.o
    0x080093ee   0x0000000a   Code   RO         5344    t._ZN4mbed8CallbackIFvvEE13function_moveIPS1_EEvPvPKv  mbed.ar(InterruptIn.o)
    0x080093f8   0x00000012   Code   RO          123    t._ZN4mbed8CallbackIFvvEED1Ev  main.o
    0x0800940a   0x00000036   Code   RO         5500    t._ZN6CThunkIN4mbed10SerialBaseEE10trampolineEPS1_PvPMS1_FvS4_E  mbed.ar(SerialBase.o)
    0x08009440   0x0000000a   Code   RO         6494    x$fpl$fpinit        fz_wv.l(fpinit.o)
    0x0800944a   0x00000004   Code   RO         6348    x$fpl$printf1       fz_wv.l(printf1.o)
    0x0800944e   0x00000004   Code   RO         6350    x$fpl$printf2       fz_wv.l(printf2.o)
    0x08009452   0x00000000   Code   RO         6590    x$fpl$usenofp       fz_wv.l(usenofp.o)
    0x08009452   0x00000002   PAD
    0x08009454   0x00000014   Data   RO           35    .constdata          main.o
    0x08009468   0x000001d4   Data   RO         1320    .constdata          PeripheralPins.o
    0x0800963c   0x0000009c   Data   RO         1321    .constdata          PeripheralPins.o
    0x080096d8   0x00000090   Data   RO         1322    .constdata          PeripheralPins.o
    0x08009768   0x00000034   Data   RO         1628    .constdata          pinmap.o
    0x0800979c   0x00000017   Data   RO         1761    .constdata          retarget.o
    0x080097b3   0x00000010   Data   RO         5145    .constdata          system_stm32f7xx.o
    0x080097c3   0x00000008   Data   RO         5146    .constdata          system_stm32f7xx.o
    0x080097cb   0x00000001   PAD
    0x080097cc   0x00000010   Data   RO         5458    .constdata          mbed.ar(SerialBase.o)
    0x080097dc   0x00000014   Data   RO         5677    .constdata          mbed.ar(mbed_us_ticker_api.o)
    0x080097f0   0x00000008   Data   RO         5678    .constdata          mbed.ar(mbed_us_ticker_api.o)
    0x080097f8   0x00000028   Data   RO         5941    .constdata          c_w.l(_printf_hex_int_ll_ptr.o)
    0x08009820   0x00000011   Data   RO         5961    .constdata          c_w.l(__printf_flags_ss_wp.o)
    0x08009831   0x00000003   PAD
    0x08009834   0x00000008   Data   RO         6201    .constdata          c_w.l(_printf_wctomb.o)
    0x0800983c   0x0000000c   Data   RO         6278    .constdata          c_w.l(_monlen.o)
    0x08009848   0x00000026   Data   RO         6393    .constdata          c_w.l(_printf_fp_hex.o)
    0x0800986e   0x00000002   PAD
    0x08009870   0x00000094   Data   RO         6520    .constdata          c_w.l(bigflt0.o)
    0x08009904   0x00000034   Data   RO         1823    .constdata__ZTVN4mbed10FileHandleE  retarget.o
    0x08009938   0x00000018   Data   RO         5494    .constdata__ZTVN4mbed10SerialBaseE  mbed.ar(SerialBase.o)
    0x08009950   0x00000010   Data   RO         5335    .constdata__ZTVN4mbed11InterruptInE  mbed.ar(InterruptIn.o)
    0x08009960   0x0000006c   Data   RO         5387    .constdata__ZTVN4mbed6SerialE  mbed.ar(Serial.o)
    0x080099cc   0x0000004c   Data   RO         5585    .constdata__ZTVN4mbed6StreamE  mbed.ar(Stream.o)
    0x08009a18   0x00000010   Data   RO         5799    .constdata__ZTVN4mbed8FileBaseE  mbed.ar(FileBase.o)
    0x08009a28   0x00000044   Data   RO         5827    .constdata__ZTVN4mbed8FileLikeE  mbed.ar(FileLike.o)
    0x08009a6c   0x00000014   Data   RO         1824    .constdata__ZZN12SingletonPtrI13PlatformMutexE3getEvEs  retarget.o
    0x08009a80   0x0000004d   Data   RO         1825    .constdata__ZZN12SingletonPtrI13PlatformMutexE3getEvEs_0  retarget.o
    0x08009acd   0x00000003   PAD
    0x08009ad0   0x0000000c   Data   RO          129    .constdata__ZZN4mbed8CallbackIFvvEE8generateINS2_14method_contextI4PingMS5_FvvEEEEEvRKT_E3ops  main.o
    0x08009adc   0x0000000c   Data   RO         5339    .constdata__ZZN4mbed8CallbackIFvvEE8generateIPS1_EEvRKT_E3ops  mbed.ar(InterruptIn.o)
    0x08009ae8   0x00000005   Data   RO         5336    .constdata__ZZNK4mbed8CallbackIFvvEE4callEvEs  mbed.ar(InterruptIn.o)
    0x08009aed   0x00000049   Data   RO         5337    .constdata__ZZNK4mbed8CallbackIFvvEE4callEvEs_0  mbed.ar(InterruptIn.o)
    0x08009b36   0x00000002   PAD
    0x08009b38   0x00000048   Data   RO         1441    .conststring        gpio_api.o
    0x08009b80   0x00000055   Data   RO         1629    .conststring        pinmap.o
    0x08009bd5   0x00000003   PAD
    0x08009bd8   0x00000059   Data   RO         1669    .conststring        pwmout_api.o
    0x08009c31   0x00000003   PAD
    0x08009c34   0x00000059   Data   RO         1907    .conststring        serial_api.o
    0x08009c8d   0x00000003   PAD
    0x08009c90   0x00000043   Data   RO         5711    .conststring        mbed.ar(mbed_critical.o)
    0x08009cd3   0x00000001   PAD
    0x08009cd4   0x00000020   Data   RO         6686    Region$$Table       anon$$obj.o
    0x08009cf4   0x0000001c   Data   RO         6546    locale$$data        c_w.l(lc_numeric_c.o)
    0x08009d10   0x00000110   Data   RO         6616    locale$$data        c_w.l(lc_ctype_c.o)
    0x08009e20   0x00000004   Data   RO           37    .init_array         main.o
    0x08009e24   0x00000000   Data   RO         6034    .init_array         c_w.l(init_aeabi.o)


    Execution Region RW_IRAM1 (Base: 0x200001f8, Size: 0x00000e0c, Max: 0x0007fe08, ABSOLUTE)

    Base Addr    Size         Type   Attr      Idx    E Section Name        Object

    0x200001f8   0x0000000c   Data   RW         1399    .data               can_api.o
    0x20000204   0x00000044   Data   RW         1466    .data               gpio_irq_api.o
    0x20000248   0x00000004   Data   RW         1496    .data               hal_tick_32b.o
    0x2000024c   0x00000008   Data   RW         1764    .data               retarget.o
    0x20000254   0x00000004   Data   RW         1854    .data               rtc_api.o
    0x20000258   0x00000008   Data   RW         1908    .data               serial_api.o
    0x20000260   0x00000004   Data   RW         1994    .data               stm32f7xx_hal.o
    0x20000264   0x00000004   Data   RW         5147    .data               system_stm32f7xx.o
    0x20000268   0x00000004   Data   RW         5183    .data               us_ticker_32b.o
    0x2000026c   0x00000008   Data   RW         5679    .data               mbed.ar(mbed_us_ticker_api.o)
    0x20000274   0x00000008   Data   RW         5712    .data               mbed.ar(mbed_critical.o)
    0x2000027c   0x00000018   Data   RW         5750    .data               mbed.ar(mbed_rtc_time.o)
    0x20000294   0x0000000c   Data   RW         5787    .data               mbed.ar(FileBase.o)
    0x200002a0   0x00000004   Data   RW         5992    .data               c_w.l(stdio_streams.o)
    0x200002a4   0x00000004   Data   RW         5993    .data               c_w.l(stdio_streams.o)
    0x200002a8   0x00000004   Data   RW         5994    .data               c_w.l(stdio_streams.o)
    0x200002ac   0x00000004   Data   RW         6456    .data               c_w.l(heapauxa.o)
    0x200002b0   0x0000041c   Zero   RW           34    .bss                main.o
    0x200006cc   0x00000040   Zero   RW         1396    .bss                can_api.o
    0x2000070c   0x00000214   Zero   RW         1465    .bss                gpio_irq_api.o
    0x20000920   0x0000003c   Zero   RW         1668    .bss                pwmout_api.o
    0x2000095c   0x00000040   Zero   RW         1760    .bss                retarget.o
    0x2000099c   0x00000020   Zero   RW         1853    .bss                rtc_api.o
    0x200009bc   0x000003e4   Zero   RW         1906    .bss                serial_api.o
    0x20000da0   0x0000003c   Zero   RW         5182    .bss                us_ticker_32b.o
    0x20000ddc   0x00000054   Zero   RW         5989    .bss                c_w.l(stdio_streams.o)
    0x20000e30   0x00000054   Zero   RW         5990    .bss                c_w.l(stdio_streams.o)
    0x20000e84   0x00000054   Zero   RW         5991    .bss                c_w.l(stdio_streams.o)
    0x20000ed8   0x000000e4   Zero   RW         6009    .bss                c_w.l(rand.o)
    0x20000fbc   0x0000002c   Zero   RW         6027    .bss                c_w.l(localtime.o)
    0x20000fe8   0x00000004   Zero   RW         6158    .bss                c_w.l(rt_heap_descriptor.o)
    0x20000fec   0x00000014   Zero   RW         6501    .bss                c_w.l(rt_locale.o)
    0x20001000   0x00000004   Zero   RW         6511    .bss                c_w.l(rt_errno_addr.o)


==============================================================================

Image component sizes


      Code (inc. data)   RO Data    RW Data    ZI Data      Debug   Object Name

         0          0        768          0          0          0   PeripheralPins.o
       324         44          0         12         64        844   can_api.o
        52          4          0          0          0        132   cmsis_nvic.o
       152         30         72          0          0        388   gpio_api.o
       744        126          0         68        532       1352   gpio_irq_api.o
       304         44          0          4          0        260   hal_tick_32b.o
      3878        526         36          0       1052     332935   main.o
       178         18          0          0          0        400   mbed_board.o
        14          0          0          0          0        128   mbed_overrides.o
      1464         62          0          0          0     283500   miat_insectrobot.o
       660        164        137          0          0        528   pinmap.o
      1192        214         89          0         60        568   pwmout_api.o
      1016        102        172          8         64       1984   retarget.o
       672        174          0          4         32        740   rtc_api.o
      1248        114         89          8        996        996   serial_api.o
        36          8        504          0          0        276   startup_stm32f769xx.o
        66         16          0          4          0        472   stm32f7xx_hal.o
        36          6          0          0          0        116   stm32f7xx_hal_cortex.o
        36          0          0          0          0        116   stm32f7xx_hal_dma.o
       964         30          0          0          0        280   stm32f7xx_hal_gpio.o
        16          4          0          0          0        116   stm32f7xx_hal_pwr.o
       124          8          0          0          0        128   stm32f7xx_hal_pwr_ex.o
      1852        104          0          0          0        764   stm32f7xx_hal_rcc.o
      1940         44          0          0          0        140   stm32f7xx_hal_rcc_ex.o
      1112         12          0          0          0        892   stm32f7xx_hal_rtc.o
        60          4          0          0          0        124   stm32f7xx_hal_rtc_ex.o
       838         20          0          0          0       1372   stm32f7xx_hal_tim.o
       508         10          0          0          0        252   stm32f7xx_hal_tim_ex.o
      1894         42          0          0          0       1136   stm32f7xx_hal_uart.o
        16          6          0          0          0        116   sys.o
       868         96         24          4          0        548   system_stm32f7xx.o
       164         60          0          4         60        588   us_ticker_32b.o

    ----------------------------------------------------------------------
     22456       2100       1936        116       2860     632191   Object Totals
         0          0         32          0          0          0   (incl. Generated)
        28          8         13          0          0          0   (incl. Padding)

    ----------------------------------------------------------------------

      Code (inc. data)   RO Data    RW Data    ZI Data      Debug   Library Member Name

        60          8          0          0          0         84   __0sscanf.o
        44          6          0          0          0         84   __2sprintf.o
         8          0          0          0          0         68   __main.o
       392          4         17          0          0         92   __printf_flags_ss_wp.o
        14          0          0          0          0         68   __printf_wp.o
         0          0          0          0          0          0   __rtentry.o
        20          0          0          0          0          0   __rtentry2.o
         6          0          0          0          0          0   __rtentry4.o
        52          8          0          0          0          0   __scatter.o
        26          0          0          0          0          0   __scatter_copy.o
        28          0          0          0          0          0   __scatter_zi.o
        28          0          0          0          0         68   _chval.o
         0          0         12          0          0          0   _monlen.o
         6          0          0          0          0          0   _printf_a.o
         6          0          0          0          0          0   _printf_c.o
        44          0          0          0          0        108   _printf_char.o
        48          6          0          0          0         96   _printf_char_common.o
        36          4          0          0          0         80   _printf_char_file.o
        40          0          0          0          0         68   _printf_charcount.o
         6          0          0          0          0          0   _printf_d.o
       120         16          0          0          0         92   _printf_dec.o
         6          0          0          0          0          0   _printf_e.o
         6          0          0          0          0          0   _printf_f.o
      1050          0          0          0          0        216   _printf_fp_dec.o
       764         10         38          0          0        100   _printf_fp_hex.o
       128         16          0          0          0         84   _printf_fp_infnan.o
         6          0          0          0          0          0   _printf_g.o
       148          4         40          0          0        160   _printf_hex_int_ll_ptr.o
         6          0          0          0          0          0   _printf_i.o
       178          0          0          0          0         88   _printf_intcommon.o
        10          0          0          0          0          0   _printf_l.o
         6          0          0          0          0          0   _printf_lc.o
        10          0          0          0          0          0   _printf_ll.o
         6          0          0          0          0          0   _printf_lld.o
         6          0          0          0          0          0   _printf_lli.o
         6          0          0          0          0          0   _printf_llo.o
         6          0          0          0          0          0   _printf_llu.o
         6          0          0          0          0          0   _printf_llx.o
       124         16          0          0          0         92   _printf_longlong_dec.o
         6          0          0          0          0          0   _printf_ls.o
         6          0          0          0          0          0   _printf_n.o
         6          0          0          0          0          0   _printf_o.o
       112          8          0          0          0        124   _printf_oct_int_ll.o
         6          0          0          0          0          0   _printf_p.o
        78          0          0          0          0        108   _printf_pad.o
         0          0          0          0          0          0   _printf_percent.o
         4          0          0          0          0          0   _printf_percent_end.o
         6          0          0          0          0          0   _printf_s.o
        82          0          0          0          0         80   _printf_str.o
        36          0          0          0          0         84   _printf_truncate.o
         6          0          0          0          0          0   _printf_u.o
        44          0          0          0          0        108   _printf_wchar.o
       188          6          8          0          0         92   _printf_wctomb.o
         6          0          0          0          0          0   _printf_x.o
       884          6          0          0          0        100   _scanf.o
       332          0          0          0          0         96   _scanf_int.o
        64          0          0          0          0         84   _sgetc.o
        10          0          0          0          0         68   _sputc.o
        64          0          0          0          0         92   _wcrtomb.o
       220          4        148          0          0         96   bigflt0.o
      1910        128          0          0          0        672   btod.o
        10          0          0          0          0         68   c89vfprintf.o
        10          0          0          0          0         68   defsig_exit.o
        50          0          0          0          0         88   defsig_general.o
        48         34          0          0          0         76   defsig_pvfn_inner.o
        14          0          0          0          0         80   defsig_pvfn_outer.o
        80         58          0          0          0         76   defsig_rtmem_inner.o
        14          0          0          0          0         80   defsig_rtmem_outer.o
        52         38          0          0          0         76   defsig_rtred_inner.o
        14          0          0          0          0         80   defsig_rtred_outer.o
        76          0          0          0          0         88   fclose.o
         8          0          0          0          0         68   ferror.o
       100          4          0          0          0        120   fflush.o
       470          0          0          0          0         88   flsbuf.o
       236          4          0          0          0        128   fopen.o
        26          0          0          0          0         68   fputc.o
       248          6          0          0          0         84   fseek.o
        66          0          0          0          0         76   ftell.o
        94          0          0          0          0         80   h1_alloc.o
        52          0          0          0          0         68   h1_extend.o
        78          0          0          0          0         80   h1_free.o
        14          0          0          0          0         84   h1_init.o
        80          6          0          4          0         96   heapauxa.o
         4          0          0          0          0        136   hguard.o
         0          0          0          0          0          0   indicate_semi.o
        36         10          0          0          0         80   init_aeabi.o
       138          0          0          0          0        168   init_alloc.o
       312         46          0          0          0        112   initio.o
        18          0          0          0          0         76   isspace.o
        44         10        272          0          0         76   lc_ctype_c.o
        44         10         28          0          0         76   lc_numeric_c.o
         2          0          0          0          0          0   libinit.o
        54          0          0          0          0          0   libinit2.o
         0          0          0          0          0          0   libshutdown2.o
       138          0          0          0          0         80   lludiv10.o
        12          6          0          0         44         68   localtime.o
       184          6          0          0          0         80   localtime_internal.o
         0          0          0          0          0          0   maybetermalloc1.o
       424         10          0          0          0        124   mktime.o
        60         14          0          0        228         92   rand.o
        16          4          0          0          0         76   rt_ctype_table.o
         8          4          0          0          4         68   rt_errno_addr.o
         8          4          0          0          4         68   rt_heap_descriptor.o
         8          4          0          0         20         68   rt_locale.o
        78          0          0          0          0         80   rt_memclr_w.o
       100          0          0          0          0         80   rt_memcpy_w.o
        44          8          0          0          0         84   scanf_char.o
        20          0          0          0          0         68   setbuf.o
        70          0          0          0          0         80   setvbuf.o
       240          6          0          0          0        156   stdio.o
         0          0          0         12        252          0   stdio_streams.o
       104          0          0          0          0         68   strcmpv7m_pel.o
        62          0          0          0          0         76   strlen.o
       150          0          0          0          0         80   strncmp.o
        12          4          0          0          0         68   sys_exit.o
        14          0          0          0          0         76   sys_wrch.o
         2          0          0          0          0         68   use_no_semi.o
        36          4          0          0          0         76   vsprintf.o
        36          0          0          0          0         84   aeabi_vec_ctor_nocookie_nodtor.o
        34          0          0          0          0         84   aeabi_vec_dtor_noexceptions.o
         6          0          0          0          0         68   pure_virt.o
        10          0          0          0          0        116   fpinit.o
         4          0          0          0          0        116   printf1.o
         4          0          0          0          0        116   printf2.o
         0          0          0          0          0          0   usenofp.o
        48          0          0          0          0        124   fpclassify.o
       292         52         16         12          0        620   FileBase.o
        54         10         68          0          0        252   FileLike.o
       154          0          0          0          0        728   FilePath.o
       478         48        106          0          0       1120   InterruptIn.o
        54          6        108          0          0        472   Serial.o
       542         54         40          0          0        908   SerialBase.o
       230         20         76          0          0        992   Stream.o
       116          0          0          0          0        384   Timer.o
        84         52          0          0          0        136   mbed_assert.o
       228         98         67          8          0        252   mbed_critical.o
        18          0          0          0          0        128   mbed_error.o
        40          0          0          0          0        136   mbed_gpio.o
       344        110          0          0          0        508   mbed_pinmap_common.o
       188         18          0         24          0        132   mbed_rtc_time.o
        86          0          0          0          0        252   mbed_ticker_api.o
        20         10         28          8          0        232   mbed_us_ticker_api.o
        92          4          0          0          0        384   mbed_wait_api_no_rtos.o

    ----------------------------------------------------------------------
     15012       1032       1080         68        552      16124   Library Totals
        42          0          8          0          0          0   (incl. Padding)

    ----------------------------------------------------------------------

      Code (inc. data)   RO Data    RW Data    ZI Data      Debug   Library Name

     11808        550        563         16        552       7780   c_w.l
        76          0          0          0          0        236   cpprt_w.l
        18          0          0          0          0        348   fz_wv.l
        48          0          0          0          0        124   m_wv.l
      3020        482        509         52          0       7636   mbed.ar

    ----------------------------------------------------------------------
     15012       1032       1080         68        552      16124   Library Totals

    ----------------------------------------------------------------------

==============================================================================


      Code (inc. data)   RO Data    RW Data    ZI Data      Debug   

     37468       3132       3016        184       3412     623639   Grand Totals
     37468       3132       3016        184       3412     623639   ELF Image Totals
     37468       3132       3016        184          0          0   ROM Totals

==============================================================================

    Total RO  Size (Code + RO Data)                40484 (  39.54kB)
    Total RW  Size (RW Data + ZI Data)              3596 (   3.51kB)
    Total ROM Size (Code + RO Data + RW Data)      40668 (  39.71kB)

==============================================================================

